
Optional file libmchp_peripheral.a not found

Optional file libmchp_peripheral_32MX274F256B.a not found
Archive member included to satisfy reference by file (symbol)

C:/Program Files/Microchip/xc32/v5.00/bin/bin/../../lib/gcc/pic32m/13.2.1/../../../../pic32m/lib\libpic32.a(default-on-reset.o)
                              C:\Users\alxhu\AppData\Local\Temp\cc2004u0.o (_on_reset)
C:/Program Files/Microchip/xc32/v5.00/bin/bin/../../lib/gcc/pic32m/13.2.1/../../../../pic32m/lib\libpic32.a(default-on-bootstrap.o)
                              C:\Users\alxhu\AppData\Local\Temp\cc2004u0.o (_on_bootstrap)
C:/Program Files/Microchip/xc32/v5.00/bin/bin/../../lib/gcc/pic32m/13.2.1/../../../../pic32m/lib\libpic32.a(default-nmi-handler.o)
                              C:\Users\alxhu\AppData\Local\Temp\cc2004u0.o (_nmi_handler)
C:/Program Files/Microchip/xc32/v5.00/bin/bin/../../lib/gcc/pic32m/13.2.1/../../../../pic32m/lib\libpic32.a(pic32_data_init_core.o)
                              C:\Users\alxhu\AppData\Local\Temp\cc2004u0.o (__pic32_data_init)
C:/Program Files/Microchip/xc32/v5.00/bin/bin/../../lib/gcc/pic32m/13.2.1/../../../../pic32m/lib\libpic32.a(general-exception.o)
                              C:\Users\alxhu\AppData\Local\Temp\cc2004u0.o (_general_exception_context)
C:/Program Files/Microchip/xc32/v5.00/bin/bin/../../lib/gcc/pic32m/13.2.1/../../../../pic32m/lib\libpic32.a(vector0.o)
                              C:\Users\alxhu\AppData\Local\Temp\cckSXJUH.o (__vector_dispatch_0)
C:/Program Files/Microchip/xc32/v5.00/bin/bin/../../lib/gcc/pic32m/13.2.1/../../../../pic32m/lib\libpic32.a(vector1.o)
                              C:\Users\alxhu\AppData\Local\Temp\cckSXJUH.o (__vector_dispatch_1)
C:/Program Files/Microchip/xc32/v5.00/bin/bin/../../lib/gcc/pic32m/13.2.1/../../../../pic32m/lib\libpic32.a(vector2.o)
                              C:\Users\alxhu\AppData\Local\Temp\cckSXJUH.o (__vector_dispatch_2)
C:/Program Files/Microchip/xc32/v5.00/bin/bin/../../lib/gcc/pic32m/13.2.1/../../../../pic32m/lib\libpic32.a(vector3.o)
                              C:\Users\alxhu\AppData\Local\Temp\cckSXJUH.o (__vector_dispatch_3)
C:/Program Files/Microchip/xc32/v5.00/bin/bin/../../lib/gcc/pic32m/13.2.1/../../../../pic32m/lib\libpic32.a(vector4.o)
                              C:\Users\alxhu\AppData\Local\Temp\cckSXJUH.o (__vector_dispatch_4)
C:/Program Files/Microchip/xc32/v5.00/bin/bin/../../lib/gcc/pic32m/13.2.1/../../../../pic32m/lib\libpic32.a(vector5.o)
                              C:\Users\alxhu\AppData\Local\Temp\cckSXJUH.o (__vector_dispatch_5)
C:/Program Files/Microchip/xc32/v5.00/bin/bin/../../lib/gcc/pic32m/13.2.1/../../../../pic32m/lib\libpic32.a(vector6.o)
                              C:\Users\alxhu\AppData\Local\Temp\cckSXJUH.o (__vector_dispatch_6)
C:/Program Files/Microchip/xc32/v5.00/bin/bin/../../lib/gcc/pic32m/13.2.1/../../../../pic32m/lib\libpic32.a(vector7.o)
                              C:\Users\alxhu\AppData\Local\Temp\cckSXJUH.o (__vector_dispatch_7)
C:/Program Files/Microchip/xc32/v5.00/bin/bin/../../lib/gcc/pic32m/13.2.1/../../../../pic32m/lib\libpic32.a(vector8.o)
                              C:\Users\alxhu\AppData\Local\Temp\cckSXJUH.o (__vector_dispatch_8)
C:/Program Files/Microchip/xc32/v5.00/bin/bin/../../lib/gcc/pic32m/13.2.1/../../../../pic32m/lib\libpic32.a(vector9.o)
                              C:\Users\alxhu\AppData\Local\Temp\cckSXJUH.o (__vector_dispatch_9)
C:/Program Files/Microchip/xc32/v5.00/bin/bin/../../lib/gcc/pic32m/13.2.1/../../../../pic32m/lib\libpic32.a(vector10.o)
                              C:\Users\alxhu\AppData\Local\Temp\cckSXJUH.o (__vector_dispatch_10)
C:/Program Files/Microchip/xc32/v5.00/bin/bin/../../lib/gcc/pic32m/13.2.1/../../../../pic32m/lib\libpic32.a(vector11.o)
                              C:\Users\alxhu\AppData\Local\Temp\cckSXJUH.o (__vector_dispatch_11)
C:/Program Files/Microchip/xc32/v5.00/bin/bin/../../lib/gcc/pic32m/13.2.1/../../../../pic32m/lib\libpic32.a(vector13.o)
                              C:\Users\alxhu\AppData\Local\Temp\cckSXJUH.o (__vector_dispatch_13)
C:/Program Files/Microchip/xc32/v5.00/bin/bin/../../lib/gcc/pic32m/13.2.1/../../../../pic32m/lib\libpic32.a(vector14.o)
                              C:\Users\alxhu\AppData\Local\Temp\cckSXJUH.o (__vector_dispatch_14)
C:/Program Files/Microchip/xc32/v5.00/bin/bin/../../lib/gcc/pic32m/13.2.1/../../../../pic32m/lib\libpic32.a(vector15.o)
                              C:\Users\alxhu\AppData\Local\Temp\cckSXJUH.o (__vector_dispatch_15)
C:/Program Files/Microchip/xc32/v5.00/bin/bin/../../lib/gcc/pic32m/13.2.1/../../../../pic32m/lib\libpic32.a(vector16.o)
                              C:\Users\alxhu\AppData\Local\Temp\cckSXJUH.o (__vector_dispatch_16)
C:/Program Files/Microchip/xc32/v5.00/bin/bin/../../lib/gcc/pic32m/13.2.1/../../../../pic32m/lib\libpic32.a(vector17.o)
[...]
Memory Configuration

Name             Origin             Length             Attributes
kseg0_program_mem 0x9d000000         0x00040000         xr
kseg0_boot_mem   0x9fc00490         0x00000970
exception_mem    0x9fc01000         0x00001000
kseg1_boot_mem   0xbfc00000         0x00000490
debug_exec_mem   0xbfc02000         0x00000ff0
config3          0xbfc02ff0         0x00000004
config2          0xbfc02ff4         0x00000004
config1          0xbfc02ff8         0x00000004
config0          0xbfc02ffc         0x00000004
kseg1_data_mem   0xa0000000         0x00010000         w!x
sfrs             0xbf800000         0x00100000
configsfrs       0xbfc02ff0         0x00000010
*default*        0x00000000         0xffffffff

Linker script and memory map

LOAD build/default/production/_ext/60163342/plib_adc.o
LOAD build/default/production/_ext/60165520/plib_clk.o
LOAD build/default/production/_ext/1865200349/plib_evic.o
LOAD build/default/production/_ext/1865254177/plib_gpio.o
LOAD build/default/production/_ext/60181895/plib_tmr3.o
LOAD build/default/production/_ext/1865657120/plib_uart2.o
LOAD build/default/production/_ext/163028504/xc32_monitor.o
LOAD build/default/production/_ext/1171490990/initialization.o
LOAD build/default/production/_ext/1171490990/interrupts.o
LOAD build/default/production/_ext/1171490990/exceptions.o
LOAD build/default/production/_ext/1360937237/main.o
                0x00000001                        __MPLAB_BUILD = 0x1
                0x00000400                        PROVIDE (_min_stack_size = 0x400)
START GROUP
LOAD libmchp_peripheral.a
END GROUP
START GROUP
LOAD libmchp_peripheral_32MX274F256B.a
END GROUP
                0x00000001                        PROVIDE (_vector_spacing = 0x1)
                0x9fc01000                        PROVIDE (_ebase_address = 0x9fc01000)
                0xbfc00000                        _RESET_ADDR = 0xbfc00000
                0xbfc00380                        _BEV_EXCPT_ADDR = 0xbfc00380
                0xbfc00480                        _DBG_EXCPT_ADDR = 0xbfc00480
                0xbfc02000                        _DBG_CODE_ADDR = 0xbfc02000
                0x00000ff0                        _DBG_CODE_SIZE = 0xff0
                0x9fc01180                        _GEN_EXCPT_ADDR = (_ebase_address + 0x180)

.config_BFC02FF0
                0xbfc02ff0        0x4
 *(.config_BFC02FF0)
 .config_BFC02FF0
                0xbfc02ff0        0x4 build/default/production/_ext/1171490990/initialization.o
                0xbfc02ff0                __config_BFC02FF0

.config_BFC02FF4
                0xbfc02ff4        0x4
 *(.config_BFC02FF4)
 .config_BFC02FF4
                0xbfc02ff4        0x4 build/default/production/_ext/1171490990/initialization.o
                0xbfc02ff4                __config_BFC02FF4

.config_BFC02FF8
                0xbfc02ff8        0x4
 *(.config_BFC02FF8)
 .config_BFC02FF8
                0xbfc02ff8        0x4 build/default/production/_ext/1171490990/initialization.o
                0xbfc02ff8                __config_BFC02FF8

.config_BFC02FFC
                0xbfc02ffc        0x4
 *(.config_BFC02FFC)
 .config_BFC02FFC
                0xbfc02ffc        0x4 build/default/production/_ext/1171490990/initialization.o
                0xbfc02ffc                __config_BFC02FFC

.reset          0xbfc00000      0x14c
 *(.reset)
 .reset         0xbfc00000        0x8 C:\Users\alxhu\AppData\Local\Temp\cc2004u0.o
                0xbfc00000                _reset
 *(.reset.startup)
 .reset.startup
                0xbfc00008      0x144 C:\Users\alxhu\AppData\Local\Temp\cc2004u0.o
                0xbfc00008                _startup

.bev_excpt      0xbfc00380       0x10
 *(.bev_handler)
 .bev_handler   0xbfc00380       0x10 C:\Users\alxhu\AppData\Local\Temp\cc2004u0.o

.dbg_excpt      0xbfc00480        0x0
                0xbfc00480                        . = (. + DEFINED (_DEBUGGER)?0x8:0x0)

.dbg_code       0xbfc02000        0x0
                0xbfc02000                        . = (. + DEFINED (_DEBUGGER)?_DBG_CODE_SIZE:0x0)

.app_excpt      0x9fc01180       0x10
 *(.gen_handler)
 .gen_handler   0x9fc01180       0x10 C:\Users\alxhu\AppData\Local\Temp\cc2004u0.o

.vector_0       0x9fc01200        0x8
 *(.vector_0)
 .vector_0      0x9fc01200        0x8 C:/Program Files/Microchip/xc32/v5.00/bin/bin/../../lib/gcc/pic32m/13.2.1/../../../../pic32m/lib\libpic32.a(vector0.o)
                0x9fc01200                __vector_dispatch_0
                0x00000001                        ASSERT (((_vector_spacing == 0x0) || (SIZEOF (.vector_0) <= (_vector_spacing << 0x5))), function at exception vector 0 too large)

.vector_1       0x9fc01220        0x8
 *(.vector_1)
 .vector_1      0x9fc01220        0x8 C:/Program Files/Microchip/xc32/v5.00/bin/bin/../../lib/gcc/pic32m/13.2.1/../../../../pic32m/lib\libpic32.a(vector1.o)
                0x9fc01220                __vector_dispatch_1
                0x00000001                        ASSERT (((_vector_spacing == 0x0) || (SIZEOF (.vector_1) <= (_vector_spacing << 0x5))), function at exception vector 1 too large)

.vector_2       0x9fc01240        0x8
 *(.vector_2)
 .vector_2      0x9fc01240        0x8 C:/Program Files/Microchip/xc32/v5.00/bin/bin/../../lib/gcc/pic32m/13.2.1/../../../../pic32m/lib\libpic32.a(vector2.o)
                0x9fc01240                __vector_dispatch_2
                0x00000001                        ASSERT (((_vector_spacing == 0x0) || (SIZEOF (.vector_2) <= (_vector_spacing << 0x5))), function at exception vector 2 too large)

.vector_3       0x9fc01260        0x8
 *(.vector_3)
 .vector_3      0x9fc01260        0x8 C:/Program Files/Microchip/xc32/v5.00/bin/bin/../../lib/gcc/pic32m/13.2.1/../../../../pic32m/lib\libpic32.a(vector3.o)
                0x9fc01260                __vector_dispatch_3
                0x00000001                        ASSERT (((_vector_spacing == 0x0) || (SIZEOF (.vector_3) <= (_vector_spacing << 0x5))), function at exception vector 3 too large)

.vector_4       0x9fc01280        0x8
 *(.vector_4)
 .vector_4      0x9fc01280        0x8 C:/Program Files/Microchip/xc32/v5.00/bin/bin/../../lib/gcc/pic32m/13.2.1/../../../../pic32m/lib\libpic32.a(vector4.o)
                0x9fc01280                __vector_dispatch_4
                0x00000001                        ASSERT (((_vector_spacing == 0x0) || (SIZEOF (.vector_4) <= (_vector_spacing << 0x5))), function at exception vector 4 too large)

.vector_5       0x9fc012a0        0x8
 *(.vector_5)
 .vector_5      0x9fc012a0        0x8 C:/Program Files/Microchip/xc32/v5.00/bin/bin/../../lib/gcc/pic32m/13.2.1/../../../../pic32m/lib\libpic32.a(vector5.o)
                0x9fc012a0                __vector_dispatch_5
                0x00000001                        ASSERT (((_vector_spacing == 0x0) || (SIZEOF (.vector_5) <= (_vector_spacing << 0x5))), function at exception vector 5 too large)

.vector_6       0x9fc012c0        0x8
 *(.vector_6)
 .vector_6      0x9fc012c0        0x8 C:/Program Files/Microchip/xc32/v5.00/bin/bin/../../lib/gcc/pic32m/13.2.1/../../../../pic32m/lib\libpic32.a(vector6.o)
                0x9fc012c0                __vector_dispatch_6
                0x00000001                        ASSERT (((_vector_spacing == 0x0) || (SIZEOF (.vector_6) <= (_vector_spacing << 0x5))), function at exception vector 6 too large)

.vector_7       0x9fc012e0        0x8
 *(.vector_7)
 .vector_7      0x9fc012e0        0x8 C:/Program Files/Microchip/xc32/v5.00/bin/bin/../../lib/gcc/pic32m/13.2.1/../../../../pic32m/lib\libpic32.a(vector7.o)
                0x9fc012e0                __vector_dispatch_7
                0x00000001                        ASSERT (((_vector_spacing == 0x0) || (SIZEOF (.vector_7) <= (_vector_spacing << 0x5))), function at exception vector 7 too large)

.vector_8       0x9fc01300        0x8
 *(.vector_8)
 .vector_8      0x9fc01300        0x8 C:/Program Files/Microchip/xc32/v5.00/bin/bin/../../lib/gcc/pic32m/13.2.1/../../../../pic32m/lib\libpic32.a(vector8.o)
                0x9fc01300                __vector_dispatch_8
                0x00000001                        ASSERT (((_vector_spacing == 0x0) || (SIZEOF (.vector_8) <= (_vector_spacing << 0x5))), function at exception vector 8 too large)

.vector_9       0x9fc01320        0x8
 *(.vector_9)
 .vector_9      0x9fc01320        0x8 C:/Program Files/Microchip/xc32/v5.00/bin/bin/../../lib/gcc/pic32m/13.2.1/../../../../pic32m/lib\libpic32.a(vector9.o)
                0x9fc01320                __vector_dispatch_9
                0x00000001                        ASSERT (((_vector_spacing == 0x0) || (SIZEOF (.vector_9) <= (_vector_spacing << 0x5))), function at exception vector 9 too large)

.vector_10      0x9fc01340        0x8
 *(.vector_10)
 .vector_10     0x9fc01340        0x8 C:/Program Files/Microchip/xc32/v5.00/bin/bin/../../lib/gcc/pic32m/13.2.1/../../../../pic32m/lib\libpic32.a(vector10.o)
                0x9fc01340                __vector_dispatch_10
                0x00000001                        ASSERT (((_vector_spacing == 0x0) || (SIZEOF (.vector_10) <= (_vector_spacing << 0x5))), function at exception vector 10 too large)

.vector_11      0x9fc01360        0x8
 *(.vector_11)
 .vector_11     0x9fc01360        0x8 C:/Program Files/Microchip/xc32/v5.00/bin/bin/../../lib/gcc/pic32m/13.2.1/../../../../pic32m/lib\libpic32.a(vector11.o)
                0x9fc01360                __vector_dispatch_11
                0x00000001                        ASSERT (((_vector_spacing == 0x0) || (SIZEOF (.vector_11) <= (_vector_spacing << 0x5))), function at exception vector 11 too large)

.vector_12      0x9fc01380        0x8
 *(.vector_12)
 .vector_12     0x9fc01380        0x8 build/default/production/_ext/1171490990/interrupts.o
                0x9fc01380                __vector_dispatch_12
                0x00000001                        ASSERT (((_vector_spacing == 0x0) || (SIZEOF (.vector_12) <= (_vector_spacing << 0x5))), function at exception vector 12 too large)

.vector_13      0x9fc013a0        0x8
 *(.vector_13)
 .vector_13     0x9fc013a0        0x8 C:/Program Files/Microchip/xc32/v5.00/bin/bin/../../lib/gcc/pic32m/13.2.1/../../../../pic32m/lib\libpic32.a(vector13.o)
                0x9fc013a0                __vector_dispatch_13
                0x00000001                        ASSERT (((_vector_spacing == 0x0) || (SIZEOF (.vector_13) <= (_vector_spacing << 0x5))), function at exception vector 13 too large)

.vector_14      0x9fc013c0        0x8
 *(.vector_14)
 .vector_14     0x9fc013c0        0x8 C:/Program Files/Microchip/xc32/v5.00/bin/bin/../../lib/gcc/pic32m/13.2.1/../../../../pic32m/lib\libpic32.a(vector14.o)
                0x9fc013c0                __vector_dispatch_14
                0x00000001                        ASSERT (((_vector_spacing == 0x0) || (SIZEOF (.vector_14) <= (_vector_spacing << 0x5))), function at exception vector 14 too large)

.vector_15      0x9fc013e0        0x8
 *(.vector_15)
 .vector_15     0x9fc013e0        0x8 C:/Program Files/Microchip/xc32/v5.00/bin/bin/../../lib/gcc/pic32m/13.2.1/../../../../pic32m/lib\libpic32.a(vector15.o)
                0x9fc013e0                __vector_dispatch_15
                0x00000001                        ASSERT (((_vector_spacing == 0x0) || (SIZEOF (.vector_15) <= (_vector_spacing << 0x5))), function at exception vector 15 too large)

.vector_16      0x9fc01400        0x8
 *(.vector_16)
 .vector_16     0x9fc01400        0x8 C:/Program Files/Microchip/xc32/v5.00/bin/bin/../../lib/gcc/pic32m/13.2.1/../../../../pic32m/lib\libpic32.a(vector16.o)
                0x9fc01400                __vector_dispatch_16
                0x00000001                        ASSERT (((_vector_spacing == 0x0) || (SIZEOF (.vector_16) <= (_vector_spacing << 0x5))), function at exception vector 16 too large)

.vector_17      0x9fc01420        0x8
 *(.vector_17)
 .vector_17     0x9fc01420        0x8 C:/Program Files/Microchip/xc32/v5.00/bin/bin/../../lib/gcc/pic32m/13.2.1/../../../../pic32m/lib\libpic32.a(vector17.o)
                0x9fc01420                __vector_dispatch_17
                0x00000001                        ASSERT (((_vector_spacing == 0x0) || (SIZEOF (.vector_17) <= (_vector_spacing << 0x5))), function at exception vector 17 too large)

.vector_18      0x9fc01440        0x8
 *(.vector_18)
 .vector_18     0x9fc01440        0x8 C:/Program Files/Microchip/xc32/v5.00/bin/bin/../../lib/gcc/pic32m/13.2.1/../../../../pic32m/lib\libpic32.a(vector18.o)
                0x9fc01440                __vector_dispatch_18
                0x00000001                        ASSERT (((_vector_spacing == 0x0) || (SIZEOF (.vector_18) <= (_vector_spacing << 0x5))), function at exception vector 18 too large)

.vector_19      0x9fc01460        0x8
 *(.vector_19)
 .vector_19     0x9fc01460        0x8 C:/Program Files/Microchip/xc32/v5.00/bin/bin/../../lib/gcc/pic32m/13.2.1/../../../../pic32m/lib\libpic32.a(vector19.o)
                0x9fc01460                __vector_dispatch_19
                0x00000001                        ASSERT (((_vector_spacing == 0x0) || (SIZEOF (.vector_19) <= (_vector_spacing << 0x5))), function at exception vector 19 too large)

.vector_20      0x9fc01480        0x8
 *(.vector_20)
 .vector_20     0x9fc01480        0x8 C:/Program Files/Microchip/xc32/v5.00/bin/bin/../../lib/gcc/pic32m/13.2.1/../../../../pic32m/lib\libpic32.a(vector20.o)
                0x9fc01480                __vector_dispatch_20
                0x00000001                        ASSERT (((_vector_spacing == 0x0) || (SIZEOF (.vector_20) <= (_vector_spacing << 0x5))), function at exception vector 20 too large)

.vector_21      0x9fc014a0        0x8
 *(.vector_21)
 .vector_21     0x9fc014a0        0x8 C:/Program Files/Microchip/xc32/v5.00/bin/bin/../../lib/gcc/pic32m/13.2.1/../../../../pic32m/lib\libpic32.a(vector21.o)
                0x9fc014a0                __vector_dispatch_21
                0x00000001                        ASSERT (((_vector_spacing == 0x0) || (SIZEOF (.vector_21) <= (_vector_spacing << 0x5))), function at exception vector 21 too large)

.vector_22      0x9fc014c0        0x8
 *(.vector_22)
 .vector_22     0x9fc014c0        0x8 C:/Program Files/Microchip/xc32/v5.00/bin/bin/../../lib/gcc/pic32m/13.2.1/../../../../pic32m/lib\libpic32.a(vector22.o)
                0x9fc014c0                __vector_dispatch_22
                0x00000001                        ASSERT (((_vector_spacing == 0x0) || (SIZEOF (.vector_22) <= (_vector_spacing << 0x5))), function at exception vector 22 too large)

.vector_23      0x9fc014e0        0x8
 *(.vector_23)
 .vector_23     0x9fc014e0        0x8 build/default/production/_ext/1171490990/interrupts.o
                0x9fc014e0                __vector_dispatch_23
                0x00000001                        ASSERT (((_vector_spacing == 0x0) || (SIZEOF (.vector_23) <= (_vector_spacing << 0x5))), function at exception vector 23 too large)

.vector_24      0x9fc01500        0x8
 *(.vector_24)
 .vector_24     0x9fc01500        0x8 C:/Program Files/Microchip/xc32/v5.00/bin/bin/../../lib/gcc/pic32m/13.2.1/../../../../pic32m/lib\libpic32.a(vector24.o)
                0x9fc01500                __vector_dispatch_24
                0x00000001                        ASSERT (((_vector_spacing == 0x0) || (SIZEOF (.vector_24) <= (_vector_spacing << 0x5))), function at exception vector 24 too large)

.vector_25      0x9fc01520        0x8
 *(.vector_25)
 .vector_25     0x9fc01520        0x8 C:/Program Files/Microchip/xc32/v5.00/bin/bin/../../lib/gcc/pic32m/13.2.1/../../../../pic32m/lib\libpic32.a(vector25.o)
                0x9fc01520                __vector_dispatch_25
                0x00000001                        ASSERT (((_vector_spacing == 0x0) || (SIZEOF (.vector_25) <= (_vector_spacing << 0x5))), function at exception vector 25 too large)

.vector_26      0x9fc01540        0x8
 *(.vector_26)
 .vector_26     0x9fc01540        0x8 C:/Program Files/Microchip/xc32/v5.00/bin/bin/../../lib/gcc/pic32m/13.2.1/../../../../pic32m/lib\libpic32.a(vector26.o)
                0x9fc01540                __vector_dispatch_26
                0x00000001                        ASSERT (((_vector_spacing == 0x0) || (SIZEOF (.vector_26) <= (_vector_spacing << 0x5))), function at exception vector 26 too large)

.vector_27      0x9fc01560        0x8
 *(.vector_27)
 .vector_27     0x9fc01560        0x8 C:/Program Files/Microchip/xc32/v5.00/bin/bin/../../lib/gcc/pic32m/13.2.1/../../../../pic32m/lib\libpic32.a(vector27.o)
                0x9fc01560                __vector_dispatch_27
                0x00000001                        ASSERT (((_vector_spacing == 0x0) || (SIZEOF (.vector_27) <= (_vector_spacing << 0x5))), function at exception vector 27 too large)

.vector_28      0x9fc01580        0x8
 *(.vector_28)
 .vector_28     0x9fc01580        0x8 C:/Program Files/Microchip/xc32/v5.00/bin/bin/../../lib/gcc/pic32m/13.2.1/../../../../pic32m/lib\libpic32.a(vector28.o)
                0x9fc01580                __vector_dispatch_28
                0x00000001                        ASSERT (((_vector_spacing == 0x0) || (SIZEOF (.vector_28) <= (_vector_spacing << 0x5))), function at exception vector 28 too large)

.vector_29      0x9fc015a0        0x8
 *(.vector_29)
 .vector_29     0x9fc015a0        0x8 C:/Program Files/Microchip/xc32/v5.00/bin/bin/../../lib/gcc/pic32m/13.2.1/../../../../pic32m/lib\libpic32.a(vector29.o)
                0x9fc015a0                __vector_dispatch_29
                0x00000001                        ASSERT (((_vector_spacing == 0x0) || (SIZEOF (.vector_29) <= (_vector_spacing << 0x5))), function at exception vector 29 too large)

.vector_30      0x9fc015c0        0x8
 *(.vector_30)
 .vector_30     0x9fc015c0        0x8 C:/Program Files/Microchip/xc32/v5.00/bin/bin/../../lib/gcc/pic32m/13.2.1/../../../../pic32m/lib\libpic32.a(vector30.o)
                0x9fc015c0                __vector_dispatch_30
                0x00000001                        ASSERT (((_vector_spacing == 0x0) || (SIZEOF (.vector_30) <= (_vector_spacing << 0x5))), function at exception vector 30 too large)

.vector_31      0x9fc015e0        0x8
 *(.vector_31)
 .vector_31     0x9fc015e0        0x8 C:/Program Files/Microchip/xc32/v5.00/bin/bin/../../lib/gcc/pic32m/13.2.1/../../../../pic32m/lib\libpic32.a(vector31.o)
                0x9fc015e0                __vector_dispatch_31
                0x00000001                        ASSERT (((_vector_spacing == 0x0) || (SIZEOF (.vector_31) <= (_vector_spacing << 0x5))), function at exception vector 31 too large)

.vector_32      0x9fc01600        0x8
 *(.vector_32)
 .vector_32     0x9fc01600        0x8 C:/Program Files/Microchip/xc32/v5.00/bin/bin/../../lib/gcc/pic32m/13.2.1/../../../../pic32m/lib\libpic32.a(vector32.o)
                0x9fc01600                __vector_dispatch_32
                0x00000001                        ASSERT (((_vector_spacing == 0x0) || (SIZEOF (.vector_32) <= (_vector_spacing << 0x5))), function at exception vector 32 too large)

.vector_33      0x9fc01620        0x8
 *(.vector_33)
 .vector_33     0x9fc01620        0x8 C:/Program Files/Microchip/xc32/v5.00/bin/bin/../../lib/gcc/pic32m/13.2.1/../../../../pic32m/lib\libpic32.a(vector33.o)
                0x9fc01620                __vector_dispatch_33
                0x00000001                        ASSERT (((_vector_spacing == 0x0) || (SIZEOF (.vector_33) <= (_vector_spacing << 0x5))), function at exception vector 33 too large)

.vector_34      0x9fc01640        0x8
 *(.vector_34)
 .vector_34     0x9fc01640        0x8 C:/Program Files/Microchip/xc32/v5.00/bin/bin/../../lib/gcc/pic32m/13.2.1/../../../../pic32m/lib\libpic32.a(vector34.o)
                0x9fc01640                __vector_dispatch_34
                0x00000001                        ASSERT (((_vector_spacing == 0x0) || (SIZEOF (.vector_34) <= (_vector_spacing << 0x5))), function at exception vector 34 too large)

.vector_35      0x9fc01660        0x8
 *(.vector_35)
 .vector_35     0x9fc01660        0x8 C:/Program Files/Microchip/xc32/v5.00/bin/bin/../../lib/gcc/pic32m/13.2.1/../../../../pic32m/lib\libpic32.a(vector35.o)
                0x9fc01660                __vector_dispatch_35
                0x00000001                        ASSERT (((_vector_spacing == 0x0) || (SIZEOF (.vector_35) <= (_vector_spacing << 0x5))), function at exception vector 35 too large)

.vector_36      0x9fc01680        0x8
 *(.vector_36)
 .vector_36     0x9fc01680        0x8 C:/Program Files/Microchip/xc32/v5.00/bin/bin/../../lib/gcc/pic32m/13.2.1/../../../../pic32m/lib\libpic32.a(vector36.o)
                0x9fc01680                __vector_dispatch_36
                0x00000001                        ASSERT (((_vector_spacing == 0x0) || (SIZEOF (.vector_36) <= (_vector_spacing << 0x5))), function at exception vector 36 too large)

.vector_37      0x9fc016a0        0x8
 *(.vector_37)
 .vector_37     0x9fc016a0        0x8 build/default/production/_ext/1171490990/interrupts.o
                0x9fc016a0                __vector_dispatch_37
                0x00000001                        ASSERT (((_vector_spacing == 0x0) || (SIZEOF (.vector_37) <= (_vector_spacing << 0x5))), function at exception vector 37 too large)

.vector_38      0x9fc016c0        0x8
 *(.vector_38)
 .vector_38     0x9fc016c0        0x8 C:/Program Files/Microchip/xc32/v5.00/bin/bin/../../lib/gcc/pic32m/13.2.1/../../../../pic32m/lib\libpic32.a(vector38.o)
                0x9fc016c0                __vector_dispatch_38
                0x00000001                        ASSERT (((_vector_spacing == 0x0) || (SIZEOF (.vector_38) <= (_vector_spacing << 0x5))), function at exception vector 38 too large)

.vector_39      0x9fc016e0        0x8
 *(.vector_39)
 .vector_39     0x9fc016e0        0x8 C:/Program Files/Microchip/xc32/v5.00/bin/bin/../../lib/gcc/pic32m/13.2.1/../../../../pic32m/lib\libpic32.a(vector39.o)
                0x9fc016e0                __vector_dispatch_39
                0x00000001                        ASSERT (((_vector_spacing == 0x0) || (SIZEOF (.vector_39) <= (_vector_spacing << 0x5))), function at exception vector 39 too large)

.vector_40      0x9fc01700        0x8
 *(.vector_40)
 .vector_40     0x9fc01700        0x8 C:/Program Files/Microchip/xc32/v5.00/bin/bin/../../lib/gcc/pic32m/13.2.1/../../../../pic32m/lib\libpic32.a(vector40.o)
                0x9fc01700                __vector_dispatch_40
                0x00000001                        ASSERT (((_vector_spacing == 0x0) || (SIZEOF (.vector_40) <= (_vector_spacing << 0x5))), function at exception vector 40 too large)

.vector_41      0x9fc01720        0x8
 *(.vector_41)
 .vector_41     0x9fc01720        0x8 C:/Program Files/Microchip/xc32/v5.00/bin/bin/../../lib/gcc/pic32m/13.2.1/../../../../pic32m/lib\libpic32.a(vector41.o)
                0x9fc01720                __vector_dispatch_41
                0x00000001                        ASSERT (((_vector_spacing == 0x0) || (SIZEOF (.vector_41) <= (_vector_spacing << 0x5))), function at exception vector 41 too large)

.vector_42      0x9fc01740        0x8
 *(.vector_42)
 .vector_42     0x9fc01740        0x8 C:/Program Files/Microchip/xc32/v5.00/bin/bin/../../lib/gcc/pic32m/13.2.1/../../../../pic32m/lib\libpic32.a(vector42.o)
                0x9fc01740                __vector_dispatch_42
                0x00000001                        ASSERT (((_vector_spacing == 0x0) || (SIZEOF (.vector_42) <= (_vector_spacing << 0x5))), function at exception vector 42 too large)

.vector_43      0x9fc01760        0x8
 *(.vector_43)
 .vector_43     0x9fc01760        0x8 C:/Program Files/Microchip/xc32/v5.00/bin/bin/../../lib/gcc/pic32m/13.2.1/../../../../pic32m/lib\libpic32.a(vector43.o)
                0x9fc01760                __vector_dispatch_43
                0x00000001                        ASSERT (((_vector_spacing == 0x0) || (SIZEOF (.vector_43) <= (_vector_spacing << 0x5))), function at exception vector 43 too large)

.vector_44
 *(.vector_44)
                0x00000001                        ASSERT (((_vector_spacing == 0x0) || (SIZEOF (.vector_44) <= (_vector_spacing << 0x5))), function at exception vector 44 too large)

.vector_45
 *(.vector_45)
                0x00000001                        ASSERT (((_vector_spacing == 0x0) || (SIZEOF (.vector_45) <= (_vector_spacing << 0x5))), function at exception vector 45 too large)

.vector_46
 *(.vector_46)
                0x00000001                        ASSERT (((_vector_spacing == 0x0) || (SIZEOF (.vector_46) <= (_vector_spacing << 0x5))), function at exception vector 46 too large)

.vector_47
 *(.vector_47)
                0x00000001                        ASSERT (((_vector_spacing == 0x0) || (SIZEOF (.vector_47) <= (_vector_spacing << 0x5))), function at exception vector 47 too large)

.vector_48
 *(.vector_48)
                0x00000001                        ASSERT (((_vector_spacing == 0x0) || (SIZEOF (.vector_48) <= (_vector_spacing << 0x5))), function at exception vector 48 too large)

.vector_49
 *(.vector_49)
                0x00000001                        ASSERT (((_vector_spacing == 0x0) || (SIZEOF (.vector_49) <= (_vector_spacing << 0x5))), function at exception vector 49 too large)

.vector_50
 *(.vector_50)
                0x00000001                        ASSERT (((_vector_spacing == 0x0) || (SIZEOF (.vector_50) <= (_vector_spacing << 0x5))), function at exception vector 50 too large)

.vector_51
 *(.vector_51)
                0x00000001                        ASSERT (((_vector_spacing == 0x0) || (SIZEOF (.vector_51) <= (_vector_spacing << 0x5))), function at exception vector 51 too large)

.vector_52
 *(.vector_52)
                0x00000001                        ASSERT (((_vector_spacing == 0x0) || (SIZEOF (.vector_52) <= (_vector_spacing << 0x5))), function at exception vector 52 too large)

.vector_53
 *(.vector_53)
                0x00000001                        ASSERT (((_vector_spacing == 0x0) || (SIZEOF (.vector_53) <= (_vector_spacing << 0x5))), function at exception vector 53 too large)

.vector_54
 *(.vector_54)
                0x00000001                        ASSERT (((_vector_spacing == 0x0) || (SIZEOF (.vector_54) <= (_vector_spacing << 0x5))), function at exception vector 54 too large)

.vector_55
 *(.vector_55)
                0x00000001                        ASSERT (((_vector_spacing == 0x0) || (SIZEOF (.vector_55) <= (_vector_spacing << 0x5))), function at exception vector 55 too large)

.vector_56
 *(.vector_56)
                0x00000001                        ASSERT (((_vector_spacing == 0x0) || (SIZEOF (.vector_56) <= (_vector_spacing << 0x5))), function at exception vector 56 too large)

.vector_57
 *(.vector_57)
                0x00000001                        ASSERT (((_vector_spacing == 0x0) || (SIZEOF (.vector_57) <= (_vector_spacing << 0x5))), function at exception vector 57 too large)

.vector_58
 *(.vector_58)
                0x00000001                        ASSERT (((_vector_spacing == 0x0) || (SIZEOF (.vector_58) <= (_vector_spacing << 0x5))), function at exception vector 58 too large)

.vector_59
 *(.vector_59)
                0x00000001                        ASSERT (((_vector_spacing == 0x0) || (SIZEOF (.vector_59) <= (_vector_spacing << 0x5))), function at exception vector 59 too large)

.vector_60
 *(.vector_60)
                0x00000001                        ASSERT (((_vector_spacing == 0x0) || (SIZEOF (.vector_60) <= (_vector_spacing << 0x5))), function at exception vector 60 too large)

.vector_61
 *(.vector_61)
                0x00000001                        ASSERT (((_vector_spacing == 0x0) || (SIZEOF (.vector_61) <= (_vector_spacing << 0x5))), function at exception vector 61 too large)

.vector_62
 *(.vector_62)
                0x00000001                        ASSERT (((_vector_spacing == 0x0) || (SIZEOF (.vector_62) <= (_vector_spacing << 0x5))), function at exception vector 62 too large)

.vector_63
 *(.vector_63)
                0x00000001                        ASSERT (((_vector_spacing == 0x0) || (SIZEOF (.vector_63) <= (_vector_spacing << 0x5))), function at exception vector 63 too large)

.startup
 *(.startup)

.text           0x9d000000        0x0
 *(.stub .gnu.linkonce.t.*)
 *(.text.*personality*)
 *(.mips16.fn.*)
 *(.mips16.call.*)
 *(.gnu.warning)
                0x9d000000                        . = ALIGN (0x4)

.init           0x9d000000        0x0
 *crti.o(.init)
 *crtbegin.o(.init)
 *(EXCLUDE_FILE(*crtn.o *crtend?.o *crtend.o) .init)
 *crtend.o(.init)
 *crtn.o(.init)
                0x9d000000                        . = ALIGN (0x4)

.fini           0x9d000000        0x0
 *(.fini)
                0x9d000000                        . = ALIGN (0x4)

.preinit_array  0x9d000000        0x0
                [!provide]                        PROVIDE (__preinit_array_start = .)
 *(.preinit_array)
                [!provide]                        PROVIDE (__preinit_array_end = .)
                0x9d000000                        . = ALIGN (0x4)

.init_array     0x9d000000        0x0
                [!provide]                        PROVIDE (__init_array_start = .)
 *(SORT_BY_NAME(.init_array.*))
 *(.init_array)
                [!provide]                        PROVIDE (__init_array_end = .)
                0x9d000000                        . = ALIGN (0x4)

.fini_array     0x9d000000        0x0
                [!provide]                        PROVIDE (__fini_array_start = .)
 *(SORT_BY_NAME(.fini_array.*))
 *(.fini_array)
                [!provide]                        PROVIDE (__fini_array_end = .)
                0x9d000000                        . = ALIGN (0x4)

.ctors          0x9d000000        0x0
 *crtbegin.o(.ctors)
 *crtbegin?.o(.ctors)
 *(EXCLUDE_FILE(*crtend?.o *crtend.o) .ctors)
 *(SORT_BY_NAME(.ctors.*))
 *(.ctors)
                0x9d000000                        . = ALIGN (0x4)

.dtors          0x9d000000        0x0
 *crtbegin.o(.dtors)
 *crtbegin?.o(.dtors)
 *(EXCLUDE_FILE(*crtend?.o *crtend.o) .dtors)
 *(SORT_BY_NAME(.dtors.*))
 *(.dtors)
                0x9d000000                        . = ALIGN (0x4)

.rodata         0x9d000000        0x0
 *(.gnu.linkonce.r.*)
 *(.rodata1)
                0x9d000000                        . = ALIGN (0x4)

.sdata2         0x9d000000        0x0
 *(.sdata2 .sdata2.* .gnu.linkonce.s2.*)
                0x9d000000                        . = ALIGN (0x4)

.sbss2          0x9d000000        0x0
 *(.sbss2 .sbss2.* .gnu.linkonce.sb2.*)
                0x9d000000                        . = ALIGN (0x4)

.eh_frame_hdr
 *(.eh_frame_hdr)
                0x9d000000                        . = ALIGN (0x4)

.eh_frame
 *(.eh_frame)
                0x9d000000                        . = ALIGN (0x4)

.gcc_except_table
 *(.gcc_except_table .gcc_except_table.*)
                0x9d000000                        . = ALIGN (0x4)

.dbg_data       0xa0000000        0x0
                0xa0000000                        . = (. + DEFINED (_DEBUGGER)?0x200:0x0)

.jcr            0xa0000000        0x0
 *(.jcr)
                0xa0000000                        . = ALIGN (0x4)

.eh_frame
 *(.eh_frame)
                0xa0000000                        . = ALIGN (0x4)

.gcc_except_table
 *(.gcc_except_table .gcc_except_table.*)
                0xa0000000                        . = ALIGN (0x4)

.persist        0xa0000000        0x0
                0xa0000000                        _persist_begin = .
 *(.persist .persist.*)
                0xa0000000                        . = ALIGN (0x4)
                0xa0000000                        _persist_end = .

.data           0xa0000000        0x0
 *(.gnu.linkonce.d.*)
 *(.data1)
                0xa0000000                        . = ALIGN (0x4)
                0xa0000000                        . = .
                0xa0007ff0                        _gp = (ALIGN (0x10) + 0x7ff0)

.got            0xa0000000        0x0
 *(.got.plt)
 *(.got)
                0xa0000000                        . = ALIGN (0x4)

.sdata          0xa0000000        0x0
                0xa0000000                        _sdata_begin = .
 *(.sdata .sdata.* .gnu.linkonce.s.*)
                0xa0000000                        . = ALIGN (0x4)
                0xa0000000                        _sdata_end = .

.lit8
 *(.lit8)

.lit4
 *(.lit4)
                0xa0000000                        . = ALIGN (0x4)
                0xa0000000                        _data_end = .
                0xa0000000                        _bss_begin = .

.sbss           0xa0000000       0x1c
                0xa0000000                        _sbss_begin = .
 *(.dynsbss)
 *(.sbss .sbss.* .gnu.linkonce.sb.*)
 .sbss.ADC_CallbackObj
                0xa0000000        0x8 build/default/production/_ext/60163342/plib_adc.o
 .sbss.tmr3Obj  0xa0000008        0x8 build/default/production/_ext/60181895/plib_tmr3.o
 .sbss.rxIndex  0xa0000010        0x1 build/default/production/_ext/1360937237/main.o
 .sbss.rxByte   0xa0000011        0x1 build/default/production/_ext/1360937237/main.o
 .sbss.adcEnabled
                0xa0000012        0x1 build/default/production/_ext/1360937237/main.o
                0xa0000012                adcEnabled
 .sbss.dataReady
                0xa0000013        0x1 build/default/production/_ext/1360937237/main.o
                0xa0000013                dataReady
 .sbss.sampleCount
                0xa0000014        0x4 build/default/production/_ext/1360937237/main.o
                0xa0000014                sampleCount
 .sbss.adcSum   0xa0000018        0x4 build/default/production/_ext/1360937237/main.o
                0xa0000018                adcSum
 *(.scommon)
                0xa000001c                        _sbss_end = .
                0xa000001c                        . = ALIGN (0x4)

.bss            0xa000001c        0x0
 *(.dynbss)
 *(COMMON)
                0xa000001c                        . = ALIGN ((. != 0x0)?0x4:0x1)
                0xa000001c                        . = ALIGN (0x4)
                0xa000001c                        _end = .
                0xa000001c                        _bss_end = .
                0x00010000                        _bmxdudba_address = LENGTH (kseg1_data_mem)
                0x00010000                        _bmxdupba_address = LENGTH (kseg1_data_mem)

/DISCARD/
 *(.pdr)

.gptab.sdata
 *(.gptab.data)
 *(.gptab.sdata)

.gptab.sbss
 *(.gptab.bss)
 *(.gptab.sbss)

.mdebug.abi32   0x00000000        0x0
 *(.mdebug.abi32)
 .mdebug.abi32  0x00000000        0x0 build/default/production/_ext/60163342/plib_adc.o
 .mdebug.abi32  0x00000000        0x0 build/default/production/_ext/60165520/plib_clk.o
 .mdebug.abi32  0x00000000        0x0 build/default/production/_ext/1865200349/plib_evic.o
 .mdebug.abi32  0x00000000        0x0 build/default/production/_ext/1865254177/plib_gpio.o
 .mdebug.abi32  0x00000000        0x0 build/default/production/_ext/60181895/plib_tmr3.o
 .mdebug.abi32  0x00000000        0x0 build/default/production/_ext/1865657120/plib_uart2.o
 .mdebug.abi32  0x00000000        0x0 build/default/production/_ext/163028504/xc32_monitor.o
 .mdebug.abi32  0x00000000        0x0 build/default/production/_ext/1171490990/initialization.o
 .mdebug.abi32  0x00000000        0x0 build/default/production/_ext/1171490990/interrupts.o
 .mdebug.abi32  0x00000000        0x0 build/default/production/_ext/1171490990/exceptions.o
 .mdebug.abi32  0x00000000        0x0 build/default/production/_ext/1360937237/main.o
 .mdebug.abi32  0x00000000        0x0 C:/Program Files/Microchip/xc32/v5.00/bin/bin/../../lib/gcc/pic32m/13.2.1/../../../../pic32m/lib\libpic32.a(default-on-reset.o)
 .mdebug.abi32  0x00000000        0x0 C:/Program Files/Microchip/xc32/v5.00/bin/bin/../../lib/gcc/pic32m/13.2.1/../../../../pic32m/lib\libpic32.a(default-on-bootstrap.o)
 .mdebug.abi32  0x00000000        0x0 C:/Program Files/Microchip/xc32/v5.00/bin/bin/../../lib/gcc/pic32m/13.2.1/../../../../pic32m/lib\libpic32.a(defaultinterrupt.o)
 .mdebug.abi32  0x00000000        0x0 C:/Program Files/Microchip/xc32/v5.00/bin/bin/../../lib/gcc/pic32m/13.2.1/../../../../pic32m/lib\libc-size-musl.a(strlen.o)
 .mdebug.abi32  0x00000000        0x0 C:/Program Files/Microchip/xc32/v5.00/bin/bin/../../lib/gcc/pic32m/13.2.1/../../../../pic32m/lib\libc-size-musl.a(strcmp.o)
 .mdebug.abi32  0x00000000        0x0 C:/Program Files/Microchip/xc32/v5.00/bin/bin/../../lib/gcc/pic32m/13.2.1/../../../../pic32m/lib\libc-musl.a(__sio_sprintf_nu.o)
 .mdebug.abi32  0x00000000        0x0 C:/Program Files/Microchip/xc32/v5.00/bin/bin/../../lib/gcc/pic32m/13.2.1/../../../../pic32m/lib\libc-musl.a(__fmt_u.o)
 .mdebug.abi32  0x00000000        0x0 C:/Program Files/Microchip/xc32/v5.00/bin/bin/../../lib/gcc/pic32m/13.2.1/../../../../pic32m/lib\libc-musl.a(__pop_int.o)
 .mdebug.abi32  0x00000000        0x0 C:/Program Files/Microchip/xc32/v5.00/bin/bin/../../lib/gcc/pic32m/13.2.1/../../../../pic32m/lib\libc-musl.a(__pop_ptr.o)
 .mdebug.abi32  0x00000000        0x0 C:/Program Files/Microchip/xc32/v5.00/bin/bin/../../lib/gcc/pic32m/13.2.1/../../../../pic32m/lib\libc-musl.a(__printf_core.o)
 .mdebug.abi32  0x00000000        0x0 C:/Program Files/Microchip/xc32/v5.00/bin/bin/../../lib/gcc/pic32m/13.2.1/../../../../pic32m/lib\libc-musl.a(atoi.o)
 .mdebug.abi32  0x00000000        0x0 C:/Program Files/Microchip/xc32/v5.00/bin/bin/../../lib/gcc/pic32m/13.2.1/../../../../pic32m/lib\libc-musl.a(tolower.o)
 .mdebug.abi32  0x00000000        0x0 C:/Program Files/Microchip/xc32/v5.00/bin/bin/../../lib/gcc/pic32m/13.2.1/../../../../pic32m/lib\libc-musl.a(__int_vsprintf.o)
 .mdebug.abi32  0x00000000        0x0 C:/Program Files/Microchip/xc32/v5.00/bin/bin/../../lib/gcc/pic32m/13.2.1/../../../../pic32m/lib\libc-musl.a(__cvt_u.o)
 .mdebug.abi32  0x00000000        0x0 C:/Program Files/Microchip/xc32/v5.00/bin/bin/../../lib/gcc/pic32m/13.2.1/../../../../pic32m/lib\libc-musl.a(__pop_float.o)
 .mdebug.abi32  0x00000000        0x0 C:/Program Files/Microchip/xc32/v5.00/bin/bin/../../lib/gcc/pic32m/13.2.1/../../../../pic32m/lib\libc-musl.a(__int_vsnprintf.o)
 .mdebug.abi32  0x00000000        0x0 C:/Program Files/Microchip/xc32/v5.00/bin/bin/../../lib/gcc/pic32m/13.2.1/../../../../pic32m/lib\libc-musl.a(__int_vfprintf.o)
 .mdebug.abi32  0x00000000        0x0 C:/Program Files/Microchip/xc32/v5.00/bin/bin/../../lib/gcc/pic32m/13.2.1/../../../../pic32m/lib\libpic32.a(errno.o)
 .mdebug.abi32  0x00000000        0x0 C:/Program Files/Microchip/xc32/v5.00/bin/bin/../../lib/gcc/pic32m/13.2.1/../../../../pic32m/lib\libc-size-musl.a(memcpy.o)
 .mdebug.abi32  0x00000000        0x0 C:/Program Files/Microchip/xc32/v5.00/bin/bin/../../lib/gcc/pic32m/13.2.1/../../../../pic32m/lib\libc-size-musl.a(memset.o)
 .mdebug.abi32  0x00000000        0x0 C:/Program Files/Microchip/xc32/v5.00/bin/bin/../../lib/gcc/pic32m/13.2.1\libgcc.a(_udivdi3.o)
 .mdebug.abi32  0x00000000        0x0 C:/Program Files/Microchip/xc32/v5.00/bin/bin/../../lib/gcc/pic32m/13.2.1\libgcc.a(_umoddi3.o)

.mdebug.abiN32
 *(.mdebug.abiN32)

.mdebug.abi64
 *(.mdebug.abi64)

.mdebug.abiO64
 *(.mdebug.abiO64)

.mdebug.eabi32
 *(.mdebug.eabi32)

.mdebug.eabi64
 *(.mdebug.eabi64)

.gcc_compiled_long32
 *(.gcc_compiled_long32)

.gcc_compiled_long64
 *(.gcc_compiled_long64)

.stab
 *(.stab)

.stabstr
 *(.stabstr)

.stab.excl
 *(.stab.excl)

.stab.exclstr
 *(.stab.exclstr)

.stab.index
 *(.stab.index)

.stab.indexstr
 *(.stab.indexstr)

.comment        0x00000000       0x35
 *(.comment)
 .comment       0x00000000       0x35 build/default/production/_ext/60163342/plib_adc.o
                                 0x36 (size before relaxing)
 .comment       0x00000035       0x36 build/default/production/_ext/60165520/plib_clk.o
 .comment       0x00000035       0x36 build/default/production/_ext/1865200349/plib_evic.o
 .comment       0x00000035       0x36 build/default/production/_ext/1865254177/plib_gpio.o
 .comment       0x00000035       0x36 build/default/production/_ext/60181895/plib_tmr3.o
 .comment       0x00000035       0x36 build/default/production/_ext/1865657120/plib_uart2.o
 .comment       0x00000035       0x36 build/default/production/_ext/1171490990/initialization.o
 .comment       0x00000035       0x36 build/default/production/_ext/1171490990/interrupts.o
 .comment       0x00000035       0x36 build/default/production/_ext/1171490990/exceptions.o
 .comment       0x00000035       0x36 build/default/production/_ext/1360937237/main.o
 .comment       0x00000035       0x36 C:/Program Files/Microchip/xc32/v5.00/bin/bin/../../lib/gcc/pic32m/13.2.1/../../../../pic32m/lib\libpic32.a(default-on-reset.o)
 .comment       0x00000035       0x36 C:/Program Files/Microchip/xc32/v5.00/bin/bin/../../lib/gcc/pic32m/13.2.1/../../../../pic32m/lib\libpic32.a(default-on-bootstrap.o)
 .comment       0x00000035       0x36 C:/Program Files/Microchip/xc32/v5.00/bin/bin/../../lib/gcc/pic32m/13.2.1/../../../../pic32m/lib\libpic32.a(defaultinterrupt.o)
 .comment       0x00000035       0x36 C:/Program Files/Microchip/xc32/v5.00/bin/bin/../../lib/gcc/pic32m/13.2.1/../../../../pic32m/lib\libc-size-musl.a(strlen.o)
 .comment       0x00000035       0x36 C:/Program Files/Microchip/xc32/v5.00/bin/bin/../../lib/gcc/pic32m/13.2.1/../../../../pic32m/lib\libc-size-musl.a(strcmp.o)
 .comment       0x00000035       0x36 C:/Program Files/Microchip/xc32/v5.00/bin/bin/../../lib/gcc/pic32m/13.2.1/../../../../pic32m/lib\libc-musl.a(__sio_sprintf_nu.o)
 .comment       0x00000035       0x36 C:/Program Files/Microchip/xc32/v5.00/bin/bin/../../lib/gcc/pic32m/13.2.1/../../../../pic32m/lib\libc-musl.a(__fmt_u.o)
 .comment       0x00000035       0x36 C:/Program Files/Microchip/xc32/v5.00/bin/bin/../../lib/gcc/pic32m/13.2.1/../../../../pic32m/lib\libc-musl.a(__pop_int.o)
 .comment       0x00000035       0x36 C:/Program Files/Microchip/xc32/v5.00/bin/bin/../../lib/gcc/pic32m/13.2.1/../../../../pic32m/lib\libc-musl.a(__pop_ptr.o)
 .comment       0x00000035       0x36 C:/Program Files/Microchip/xc32/v5.00/bin/bin/../../lib/gcc/pic32m/13.2.1/../../../../pic32m/lib\libc-musl.a(__printf_core.o)
 .comment       0x00000035       0x36 C:/Program Files/Microchip/xc32/v5.00/bin/bin/../../lib/gcc/pic32m/13.2.1/../../../../pic32m/lib\libc-musl.a(atoi.o)
 .comment       0x00000035       0x36 C:/Program Files/Microchip/xc32/v5.00/bin/bin/../../lib/gcc/pic32m/13.2.1/../../../../pic32m/lib\libc-musl.a(tolower.o)
 .comment       0x00000035       0x36 C:/Program Files/Microchip/xc32/v5.00/bin/bin/../../lib/gcc/pic32m/13.2.1/../../../../pic32m/lib\libc-musl.a(__int_vsprintf.o)
 .comment       0x00000035       0x36 C:/Program Files/Microchip/xc32/v5.00/bin/bin/../../lib/gcc/pic32m/13.2.1/../../../../pic32m/lib\libc-musl.a(__cvt_u.o)
 .comment       0x00000035       0x36 C:/Program Files/Microchip/xc32/v5.00/bin/bin/../../lib/gcc/pic32m/13.2.1/../../../../pic32m/lib\libc-musl.a(__pop_float.o)
 .comment       0x00000035       0x36 C:/Program Files/Microchip/xc32/v5.00/bin/bin/../../lib/gcc/pic32m/13.2.1/../../../../pic32m/lib\libc-musl.a(__int_vsnprintf.o)
 .comment       0x00000035       0x36 C:/Program Files/Microchip/xc32/v5.00/bin/bin/../../lib/gcc/pic32m/13.2.1/../../../../pic32m/lib\libc-musl.a(__int_vfprintf.o)
 .comment       0x00000035       0x36 C:/Program Files/Microchip/xc32/v5.00/bin/bin/../../lib/gcc/pic32m/13.2.1/../../../../pic32m/lib\libpic32.a(errno.o)
 .comment       0x00000035       0x36 C:/Program Files/Microchip/xc32/v5.00/bin/bin/../../lib/gcc/pic32m/13.2.1/../../../../pic32m/lib\libc-size-musl.a(memcpy.o)
 .comment       0x00000035       0x36 C:/Program Files/Microchip/xc32/v5.00/bin/bin/../../lib/gcc/pic32m/13.2.1/../../../../pic32m/lib\libc-size-musl.a(memset.o)
 .comment       0x00000035       0x36 C:/Program Files/Microchip/xc32/v5.00/bin/bin/../../lib/gcc/pic32m/13.2.1\libgcc.a(_udivdi3.o)
 .comment       0x00000035       0x36 C:/Program Files/Microchip/xc32/v5.00/bin/bin/../../lib/gcc/pic32m/13.2.1\libgcc.a(_umoddi3.o)

.debug
 *.elf(.debug)
 *(.debug)

.line
 *.elf(.line)
 *(.line)

.debug_srcinfo
 *.elf(.debug_srcinfo)
 *(.debug_srcinfo)

.debug_sfnames
 *.elf(.debug_sfnames)
 *(.debug_sfnames)

.debug_aranges  0x00000000      0x650
 *.elf(.debug_aranges)
 *(.debug_aranges)
 .debug_aranges
                0x00000000       0x70 build/default/production/_ext/60163342/plib_adc.o
 .debug_aranges
                0x00000070       0x20 build/default/production/_ext/60165520/plib_clk.o
 .debug_aranges
                0x00000090       0x78 build/default/production/_ext/1865200349/plib_evic.o
 .debug_aranges
                0x00000108       0x60 build/default/production/_ext/1865254177/plib_gpio.o
 .debug_aranges
                0x00000168       0x70 build/default/production/_ext/60181895/plib_tmr3.o
 .debug_aranges
                0x000001d8       0xb8 build/default/production/_ext/1865657120/plib_uart2.o
 .debug_aranges
                0x00000290       0x20 build/default/production/_ext/1171490990/initialization.o
 .debug_aranges
                0x000002b0       0x48 build/default/production/_ext/1171490990/interrupts.o
 .debug_aranges
                0x000002f8       0x28 build/default/production/_ext/1171490990/exceptions.o
 .debug_aranges
                0x00000320       0x38 build/default/production/_ext/1360937237/main.o
 .debug_aranges
                0x00000358       0x20 C:/Program Files/Microchip/xc32/v5.00/bin/bin/../../lib/gcc/pic32m/13.2.1/../../../../pic32m/lib\libpic32.a(default-on-reset.o)
 .debug_aranges
                0x00000378       0x20 C:/Program Files/Microchip/xc32/v5.00/bin/bin/../../lib/gcc/pic32m/13.2.1/../../../../pic32m/lib\libpic32.a(default-on-bootstrap.o)
 .debug_aranges
                0x00000398       0x20 C:/Program Files/Microchip/xc32/v5.00/bin/bin/../../lib/gcc/pic32m/13.2.1/../../../../pic32m/lib\libpic32.a(defaultinterrupt.o)
 .debug_aranges
                0x000003b8       0x20 C:/Program Files/Microchip/xc32/v5.00/bin/bin/../../lib/gcc/pic32m/13.2.1/../../../../pic32m/lib\libc-size-musl.a(strlen.o)
 .debug_aranges
                0x000003d8       0x20 C:/Program Files/Microchip/xc32/v5.00/bin/bin/../../lib/gcc/pic32m/13.2.1/../../../../pic32m/lib\libc-size-musl.a(strcmp.o)
 .debug_aranges
                0x000003f8       0x28 C:/Program Files/Microchip/xc32/v5.00/bin/bin/../../lib/gcc/pic32m/13.2.1/../../../../pic32m/lib\libc-musl.a(__sio_sprintf_nu.o)
 .debug_aranges
                0x00000420       0x20 C:/Program Files/Microchip/xc32/v5.00/bin/bin/../../lib/gcc/pic32m/13.2.1/../../../../pic32m/lib\libc-musl.a(__fmt_u.o)
 .debug_aranges
                0x00000440       0x20 C:/Program Files/Microchip/xc32/v5.00/bin/bin/../../lib/gcc/pic32m/13.2.1/../../../../pic32m/lib\libc-musl.a(__pop_int.o)
 .debug_aranges
                0x00000460       0x20 C:/Program Files/Microchip/xc32/v5.00/bin/bin/../../lib/gcc/pic32m/13.2.1/../../../../pic32m/lib\libc-musl.a(__pop_ptr.o)
 .debug_aranges
                0x00000480       0x50 C:/Program Files/Microchip/xc32/v5.00/bin/bin/../../lib/gcc/pic32m/13.2.1/../../../../pic32m/lib\libc-musl.a(__printf_core.o)
 .debug_aranges
                0x000004d0       0x20 C:/Program Files/Microchip/xc32/v5.00/bin/bin/../../lib/gcc/pic32m/13.2.1/../../../../pic32m/lib\libc-musl.a(atoi.o)
 .debug_aranges
                0x000004f0       0x28 C:/Program Files/Microchip/xc32/v5.00/bin/bin/../../lib/gcc/pic32m/13.2.1/../../../../pic32m/lib\libc-musl.a(tolower.o)
 .debug_aranges
                0x00000518       0x20 C:/Program Files/Microchip/xc32/v5.00/bin/bin/../../lib/gcc/pic32m/13.2.1/../../../../pic32m/lib\libc-musl.a(__int_vsprintf.o)
 .debug_aranges
                0x00000538       0x20 C:/Program Files/Microchip/xc32/v5.00/bin/bin/../../lib/gcc/pic32m/13.2.1/../../../../pic32m/lib\libc-musl.a(__cvt_u.o)
 .debug_aranges
                0x00000558       0x20 C:/Program Files/Microchip/xc32/v5.00/bin/bin/../../lib/gcc/pic32m/13.2.1/../../../../pic32m/lib\libc-musl.a(__pop_float.o)
 .debug_aranges
                0x00000578       0x20 C:/Program Files/Microchip/xc32/v5.00/bin/bin/../../lib/gcc/pic32m/13.2.1/../../../../pic32m/lib\libc-musl.a(__int_vsnprintf.o)
 .debug_aranges
                0x00000598       0x20 C:/Program Files/Microchip/xc32/v5.00/bin/bin/../../lib/gcc/pic32m/13.2.1/../../../../pic32m/lib\libc-musl.a(__int_vfprintf.o)
 .debug_aranges
                0x000005b8       0x18 C:/Program Files/Microchip/xc32/v5.00/bin/bin/../../lib/gcc/pic32m/13.2.1/../../../../pic32m/lib\libpic32.a(errno.o)
 .debug_aranges
                0x000005d0       0x20 C:/Program Files/Microchip/xc32/v5.00/bin/bin/../../lib/gcc/pic32m/13.2.1/../../../../pic32m/lib\libc-size-musl.a(memcpy.o)
 .debug_aranges
                0x000005f0       0x20 C:/Program Files/Microchip/xc32/v5.00/bin/bin/../../lib/gcc/pic32m/13.2.1/../../../../pic32m/lib\libc-size-musl.a(memset.o)
 .debug_aranges
                0x00000610       0x20 C:/Program Files/Microchip/xc32/v5.00/bin/bin/../../lib/gcc/pic32m/13.2.1\libgcc.a(_udivdi3.o)
 .debug_aranges
                0x00000630       0x20 C:/Program Files/Microchip/xc32/v5.00/bin/bin/../../lib/gcc/pic32m/13.2.1\libgcc.a(_umoddi3.o)

.debug_pubnames
 *.elf(.debug_pubnames)
 *(.debug_pubnames)

.debug_info     0x00000000     0x5936
 *.elf(.debug_info .gnu.linkonce.wi.*)
 *(.debug_info .gnu.linkonce.wi.*)
 .debug_info    0x00000000      0x7a5 build/default/production/_ext/60163342/plib_adc.o
 .debug_info    0x000007a5      0x10d build/default/production/_ext/60165520/plib_clk.o
 .debug_info    0x000008b2      0x479 build/default/production/_ext/1865200349/plib_evic.o
 .debug_info    0x00000d2b      0x351 build/default/production/_ext/1865254177/plib_gpio.o
 .debug_info    0x0000107c      0x5ba build/default/production/_ext/60181895/plib_tmr3.o
 .debug_info    0x00001636      0x85c build/default/production/_ext/1865657120/plib_uart2.o
 .debug_info    0x00001e92      0x346 build/default/production/_ext/1171490990/initialization.o
 .debug_info    0x000021d8      0x118 build/default/production/_ext/1171490990/interrupts.o
 .debug_info    0x000022f0      0x100 build/default/production/_ext/1171490990/exceptions.o
 .debug_info    0x000023f0      0x5b3 build/default/production/_ext/1360937237/main.o
 .debug_info    0x000029a3       0x40 C:/Program Files/Microchip/xc32/v5.00/bin/bin/../../lib/gcc/pic32m/13.2.1/../../../../pic32m/lib\libpic32.a(default-on-reset.o)
 .debug_info    0x000029e3       0x40 C:/Program Files/Microchip/xc32/v5.00/bin/bin/../../lib/gcc/pic32m/13.2.1/../../../../pic32m/lib\libpic32.a(default-on-bootstrap.o)
 .debug_info    0x00002a23       0x9b C:/Program Files/Microchip/xc32/v5.00/bin/bin/../../lib/gcc/pic32m/13.2.1/../../../../pic32m/lib\libpic32.a(defaultinterrupt.o)
 .debug_info    0x00002abe       0xa4 C:/Program Files/Microchip/xc32/v5.00/bin/bin/../../lib/gcc/pic32m/13.2.1/../../../../pic32m/lib\libc-size-musl.a(strlen.o)
 .debug_info    0x00002b62       0x94 C:/Program Files/Microchip/xc32/v5.00/bin/bin/../../lib/gcc/pic32m/13.2.1/../../../../pic32m/lib\libc-size-musl.a(strcmp.o)
 .debug_info    0x00002bf6      0x1b0 C:/Program Files/Microchip/xc32/v5.00/bin/bin/../../lib/gcc/pic32m/13.2.1/../../../../pic32m/lib\libc-musl.a(__sio_sprintf_nu.o)
 .debug_info    0x00002da6      0x33e C:/Program Files/Microchip/xc32/v5.00/bin/bin/../../lib/gcc/pic32m/13.2.1/../../../../pic32m/lib\libc-musl.a(__fmt_u.o)
 .debug_info    0x000030e4      0x155 C:/Program Files/Microchip/xc32/v5.00/bin/bin/../../lib/gcc/pic32m/13.2.1/../../../../pic32m/lib\libc-musl.a(__pop_int.o)
 .debug_info    0x00003239      0x165 C:/Program Files/Microchip/xc32/v5.00/bin/bin/../../lib/gcc/pic32m/13.2.1/../../../../pic32m/lib\libc-musl.a(__pop_ptr.o)
 .debug_info    0x0000339e      0xac9 C:/Program Files/Microchip/xc32/v5.00/bin/bin/../../lib/gcc/pic32m/13.2.1/../../../../pic32m/lib\libc-musl.a(__printf_core.o)
 .debug_info    0x00003e67       0xef C:/Program Files/Microchip/xc32/v5.00/bin/bin/../../lib/gcc/pic32m/13.2.1/../../../../pic32m/lib\libc-musl.a(atoi.o)
 .debug_info    0x00003f56      0x11e C:/Program Files/Microchip/xc32/v5.00/bin/bin/../../lib/gcc/pic32m/13.2.1/../../../../pic32m/lib\libc-musl.a(tolower.o)
 .debug_info    0x00004074      0x169 C:/Program Files/Microchip/xc32/v5.00/bin/bin/../../lib/gcc/pic32m/13.2.1/../../../../pic32m/lib\libc-musl.a(__int_vsprintf.o)
 .debug_info    0x000041dd      0x1fa C:/Program Files/Microchip/xc32/v5.00/bin/bin/../../lib/gcc/pic32m/13.2.1/../../../../pic32m/lib\libc-musl.a(__cvt_u.o)
 .debug_info    0x000043d7      0x13b C:/Program Files/Microchip/xc32/v5.00/bin/bin/../../lib/gcc/pic32m/13.2.1/../../../../pic32m/lib\libc-musl.a(__pop_float.o)
 .debug_info    0x00004512      0x21a C:/Program Files/Microchip/xc32/v5.00/bin/bin/../../lib/gcc/pic32m/13.2.1/../../../../pic32m/lib\libc-musl.a(__int_vsnprintf.o)
 .debug_info    0x0000472c      0x1ff C:/Program Files/Microchip/xc32/v5.00/bin/bin/../../lib/gcc/pic32m/13.2.1/../../../../pic32m/lib\libc-musl.a(__int_vfprintf.o)
 .debug_info    0x0000492b       0x41 C:/Program Files/Microchip/xc32/v5.00/bin/bin/../../lib/gcc/pic32m/13.2.1/../../../../pic32m/lib\libpic32.a(errno.o)
 .debug_info    0x0000496c       0xff C:/Program Files/Microchip/xc32/v5.00/bin/bin/../../lib/gcc/pic32m/13.2.1/../../../../pic32m/lib\libc-size-musl.a(memcpy.o)
 .debug_info    0x00004a6b       0xc8 C:/Program Files/Microchip/xc32/v5.00/bin/bin/../../lib/gcc/pic32m/13.2.1/../../../../pic32m/lib\libc-size-musl.a(memset.o)
 .debug_info    0x00004b33      0x6c0 C:/Program Files/Microchip/xc32/v5.00/bin/bin/../../lib/gcc/pic32m/13.2.1\libgcc.a(_udivdi3.o)
 .debug_info    0x000051f3      0x743 C:/Program Files/Microchip/xc32/v5.00/bin/bin/../../lib/gcc/pic32m/13.2.1\libgcc.a(_umoddi3.o)

.debug_abbrev   0x00000000     0x21d2
 *.elf(.debug_abbrev)
 *(.debug_abbrev)
 .debug_abbrev  0x00000000      0x219 build/default/production/_ext/60163342/plib_adc.o
 .debug_abbrev  0x00000219       0x72 build/default/production/_ext/60165520/plib_clk.o
 .debug_abbrev  0x0000028b      0x195 build/default/production/_ext/1865200349/plib_evic.o
 .debug_abbrev  0x00000420       0xe0 build/default/production/_ext/1865254177/plib_gpio.o
 .debug_abbrev  0x00000500      0x1cf build/default/production/_ext/60181895/plib_tmr3.o
 .debug_abbrev  0x000006cf      0x22c build/default/production/_ext/1865657120/plib_uart2.o
 .debug_abbrev  0x000008fb      0x149 build/default/production/_ext/1171490990/initialization.o
 .debug_abbrev  0x00000a44       0x80 build/default/production/_ext/1171490990/interrupts.o
 .debug_abbrev  0x00000ac4       0x85 build/default/production/_ext/1171490990/exceptions.o
 .debug_abbrev  0x00000b49      0x1cb build/default/production/_ext/1360937237/main.o
 .debug_abbrev  0x00000d14       0x30 C:/Program Files/Microchip/xc32/v5.00/bin/bin/../../lib/gcc/pic32m/13.2.1/../../../../pic32m/lib\libpic32.a(default-on-reset.o)
 .debug_abbrev  0x00000d44       0x30 C:/Program Files/Microchip/xc32/v5.00/bin/bin/../../lib/gcc/pic32m/13.2.1/../../../../pic32m/lib\libpic32.a(default-on-bootstrap.o)
 .debug_abbrev  0x00000d74       0x93 C:/Program Files/Microchip/xc32/v5.00/bin/bin/../../lib/gcc/pic32m/13.2.1/../../../../pic32m/lib\libpic32.a(defaultinterrupt.o)
 .debug_abbrev  0x00000e07       0x91 C:/Program Files/Microchip/xc32/v5.00/bin/bin/../../lib/gcc/pic32m/13.2.1/../../../../pic32m/lib\libc-size-musl.a(strlen.o)
 .debug_abbrev  0x00000e98       0x6e C:/Program Files/Microchip/xc32/v5.00/bin/bin/../../lib/gcc/pic32m/13.2.1/../../../../pic32m/lib\libc-size-musl.a(strcmp.o)
 .debug_abbrev  0x00000f06      0x129 C:/Program Files/Microchip/xc32/v5.00/bin/bin/../../lib/gcc/pic32m/13.2.1/../../../../pic32m/lib\libc-musl.a(__sio_sprintf_nu.o)
 .debug_abbrev  0x0000102f      0x16b C:/Program Files/Microchip/xc32/v5.00/bin/bin/../../lib/gcc/pic32m/13.2.1/../../../../pic32m/lib\libc-musl.a(__fmt_u.o)
 .debug_abbrev  0x0000119a       0xd7 C:/Program Files/Microchip/xc32/v5.00/bin/bin/../../lib/gcc/pic32m/13.2.1/../../../../pic32m/lib\libc-musl.a(__pop_int.o)
 .debug_abbrev  0x00001271       0xda C:/Program Files/Microchip/xc32/v5.00/bin/bin/../../lib/gcc/pic32m/13.2.1/../../../../pic32m/lib\libc-musl.a(__pop_ptr.o)
 .debug_abbrev  0x0000134b      0x343 C:/Program Files/Microchip/xc32/v5.00/bin/bin/../../lib/gcc/pic32m/13.2.1/../../../../pic32m/lib\libc-musl.a(__printf_core.o)
 .debug_abbrev  0x0000168e       0xc4 C:/Program Files/Microchip/xc32/v5.00/bin/bin/../../lib/gcc/pic32m/13.2.1/../../../../pic32m/lib\libc-musl.a(atoi.o)
 .debug_abbrev  0x00001752       0xf4 C:/Program Files/Microchip/xc32/v5.00/bin/bin/../../lib/gcc/pic32m/13.2.1/../../../../pic32m/lib\libc-musl.a(tolower.o)
 .debug_abbrev  0x00001846       0xbc C:/Program Files/Microchip/xc32/v5.00/bin/bin/../../lib/gcc/pic32m/13.2.1/../../../../pic32m/lib\libc-musl.a(__int_vsprintf.o)
 .debug_abbrev  0x00001902       0xfe C:/Program Files/Microchip/xc32/v5.00/bin/bin/../../lib/gcc/pic32m/13.2.1/../../../../pic32m/lib\libc-musl.a(__cvt_u.o)
 .debug_abbrev  0x00001a00       0xc6 C:/Program Files/Microchip/xc32/v5.00/bin/bin/../../lib/gcc/pic32m/13.2.1/../../../../pic32m/lib\libc-musl.a(__pop_float.o)
 .debug_abbrev  0x00001ac6      0x142 C:/Program Files/Microchip/xc32/v5.00/bin/bin/../../lib/gcc/pic32m/13.2.1/../../../../pic32m/lib\libc-musl.a(__int_vsnprintf.o)
 .debug_abbrev  0x00001c08      0x120 C:/Program Files/Microchip/xc32/v5.00/bin/bin/../../lib/gcc/pic32m/13.2.1/../../../../pic32m/lib\libc-musl.a(__int_vfprintf.o)
 .debug_abbrev  0x00001d28       0x3d C:/Program Files/Microchip/xc32/v5.00/bin/bin/../../lib/gcc/pic32m/13.2.1/../../../../pic32m/lib\libpic32.a(errno.o)
 .debug_abbrev  0x00001d65       0xaa C:/Program Files/Microchip/xc32/v5.00/bin/bin/../../lib/gcc/pic32m/13.2.1/../../../../pic32m/lib\libc-size-musl.a(memcpy.o)
 .debug_abbrev  0x00001e0f       0x91 C:/Program Files/Microchip/xc32/v5.00/bin/bin/../../lib/gcc/pic32m/13.2.1/../../../../pic32m/lib\libc-size-musl.a(memset.o)
 .debug_abbrev  0x00001ea0      0x198 C:/Program Files/Microchip/xc32/v5.00/bin/bin/../../lib/gcc/pic32m/13.2.1\libgcc.a(_udivdi3.o)
 .debug_abbrev  0x00002038      0x19a C:/Program Files/Microchip/xc32/v5.00/bin/bin/../../lib/gcc/pic32m/13.2.1\libgcc.a(_umoddi3.o)

.debug_line     0x00000000     0x440b
 *.elf(.debug_line)
 *(.debug_line)
 .debug_line    0x00000000      0x2ce build/default/production/_ext/60163342/plib_adc.o
 .debug_line    0x000002ce      0x14d build/default/production/_ext/60165520/plib_clk.o
 .debug_line    0x0000041b      0x37b build/default/production/_ext/1865200349/plib_evic.o
 .debug_line    0x00000796      0x264 build/default/production/_ext/1865254177/plib_gpio.o
 .debug_line    0x000009fa      0x29f build/default/production/_ext/60181895/plib_tmr3.o
 .debug_line    0x00000c99      0x8b8 build/default/production/_ext/1865657120/plib_uart2.o
 .debug_line    0x00001551      0x2e5 build/default/production/_ext/1171490990/initialization.o
 .debug_line    0x00001836       0xe0 build/default/production/_ext/1171490990/interrupts.o
 .debug_line    0x00001916      0x13b build/default/production/_ext/1171490990/exceptions.o
 .debug_line    0x00001a51      0x3e6 build/default/production/_ext/1360937237/main.o
 .debug_line    0x00001e37       0xa5 C:/Program Files/Microchip/xc32/v5.00/bin/bin/../../lib/gcc/pic32m/13.2.1/../../../../pic32m/lib\libpic32.a(default-on-reset.o)
 .debug_line    0x00001edc       0xa9 C:/Program Files/Microchip/xc32/v5.00/bin/bin/../../lib/gcc/pic32m/13.2.1/../../../../pic32m/lib\libpic32.a(default-on-bootstrap.o)
 .debug_line    0x00001f85       0xd3 C:/Program Files/Microchip/xc32/v5.00/bin/bin/../../lib/gcc/pic32m/13.2.1/../../../../pic32m/lib\libpic32.a(defaultinterrupt.o)
 .debug_line    0x00002058      0x15f C:/Program Files/Microchip/xc32/v5.00/bin/bin/../../lib/gcc/pic32m/13.2.1/../../../../pic32m/lib\libc-size-musl.a(strlen.o)
 .debug_line    0x000021b7       0xbf C:/Program Files/Microchip/xc32/v5.00/bin/bin/../../lib/gcc/pic32m/13.2.1/../../../../pic32m/lib\libc-size-musl.a(strcmp.o)
 .debug_line    0x00002276      0x192 C:/Program Files/Microchip/xc32/v5.00/bin/bin/../../lib/gcc/pic32m/13.2.1/../../../../pic32m/lib\libc-musl.a(__sio_sprintf_nu.o)
 .debug_line    0x00002408      0x188 C:/Program Files/Microchip/xc32/v5.00/bin/bin/../../lib/gcc/pic32m/13.2.1/../../../../pic32m/lib\libc-musl.a(__fmt_u.o)
 .debug_line    0x00002590      0x1d3 C:/Program Files/Microchip/xc32/v5.00/bin/bin/../../lib/gcc/pic32m/13.2.1/../../../../pic32m/lib\libc-musl.a(__pop_int.o)
 .debug_line    0x00002763      0x1a0 C:/Program Files/Microchip/xc32/v5.00/bin/bin/../../lib/gcc/pic32m/13.2.1/../../../../pic32m/lib\libc-musl.a(__pop_ptr.o)
 .debug_line    0x00002903      0x6cd C:/Program Files/Microchip/xc32/v5.00/bin/bin/../../lib/gcc/pic32m/13.2.1/../../../../pic32m/lib\libc-musl.a(__printf_core.o)
 .debug_line    0x00002fd0      0x164 C:/Program Files/Microchip/xc32/v5.00/bin/bin/../../lib/gcc/pic32m/13.2.1/../../../../pic32m/lib\libc-musl.a(atoi.o)
 .debug_line    0x00003134      0x156 C:/Program Files/Microchip/xc32/v5.00/bin/bin/../../lib/gcc/pic32m/13.2.1/../../../../pic32m/lib\libc-musl.a(tolower.o)
 .debug_line    0x0000328a      0x13d C:/Program Files/Microchip/xc32/v5.00/bin/bin/../../lib/gcc/pic32m/13.2.1/../../../../pic32m/lib\libc-musl.a(__int_vsprintf.o)
 .debug_line    0x000033c7      0x1e5 C:/Program Files/Microchip/xc32/v5.00/bin/bin/../../lib/gcc/pic32m/13.2.1/../../../../pic32m/lib\libc-musl.a(__cvt_u.o)
 .debug_line    0x000035ac      0x158 C:/Program Files/Microchip/xc32/v5.00/bin/bin/../../lib/gcc/pic32m/13.2.1/../../../../pic32m/lib\libc-musl.a(__pop_float.o)
 .debug_line    0x00003704      0x205 C:/Program Files/Microchip/xc32/v5.00/bin/bin/../../lib/gcc/pic32m/13.2.1/../../../../pic32m/lib\libc-musl.a(__int_vsnprintf.o)
 .debug_line    0x00003909      0x164 C:/Program Files/Microchip/xc32/v5.00/bin/bin/../../lib/gcc/pic32m/13.2.1/../../../../pic32m/lib\libc-musl.a(__int_vfprintf.o)
 .debug_line    0x00003a6d       0xf8 C:/Program Files/Microchip/xc32/v5.00/bin/bin/../../lib/gcc/pic32m/13.2.1/../../../../pic32m/lib\libpic32.a(errno.o)
 .debug_line    0x00003b65      0x16d C:/Program Files/Microchip/xc32/v5.00/bin/bin/../../lib/gcc/pic32m/13.2.1/../../../../pic32m/lib\libc-size-musl.a(memcpy.o)
 .debug_line    0x00003cd2      0x164 C:/Program Files/Microchip/xc32/v5.00/bin/bin/../../lib/gcc/pic32m/13.2.1/../../../../pic32m/lib\libc-size-musl.a(memset.o)
 .debug_line    0x00003e36      0x2c6 C:/Program Files/Microchip/xc32/v5.00/bin/bin/../../lib/gcc/pic32m/13.2.1\libgcc.a(_udivdi3.o)
 .debug_line    0x000040fc      0x30f C:/Program Files/Microchip/xc32/v5.00/bin/bin/../../lib/gcc/pic32m/13.2.1\libgcc.a(_umoddi3.o)

.debug_frame    0x00000000      0xae8
 *.elf(.debug_frame)
 *(.debug_frame)
 .debug_frame   0x00000000       0xcc build/default/production/_ext/60163342/plib_adc.o
 .debug_frame   0x000000cc       0x20 build/default/production/_ext/60165520/plib_clk.o
 .debug_frame   0x000000ec      0x110 build/default/production/_ext/1865200349/plib_evic.o
 .debug_frame   0x000001fc       0xa0 build/default/production/_ext/1865254177/plib_gpio.o
 .debug_frame   0x0000029c       0xcc build/default/production/_ext/60181895/plib_tmr3.o
 .debug_frame   0x00000368      0x194 build/default/production/_ext/1865657120/plib_uart2.o
 .debug_frame   0x000004fc       0x2c build/default/production/_ext/1171490990/initialization.o
 .debug_frame   0x00000528      0x130 build/default/production/_ext/1171490990/interrupts.o
 .debug_frame   0x00000658       0x40 build/default/production/_ext/1171490990/exceptions.o
 .debug_frame   0x00000698       0x84 build/default/production/_ext/1360937237/main.o
 .debug_frame   0x0000071c       0x20 C:/Program Files/Microchip/xc32/v5.00/bin/bin/../../lib/gcc/pic32m/13.2.1/../../../../pic32m/lib\libpic32.a(default-on-reset.o)
 .debug_frame   0x0000073c       0x20 C:/Program Files/Microchip/xc32/v5.00/bin/bin/../../lib/gcc/pic32m/13.2.1/../../../../pic32m/lib\libpic32.a(default-on-bootstrap.o)
 .debug_frame   0x0000075c       0x20 C:/Program Files/Microchip/xc32/v5.00/bin/bin/../../lib/gcc/pic32m/13.2.1/../../../../pic32m/lib\libpic32.a(defaultinterrupt.o)
 .debug_frame   0x0000077c       0x20 C:/Program Files/Microchip/xc32/v5.00/bin/bin/../../lib/gcc/pic32m/13.2.1/../../../../pic32m/lib\libc-size-musl.a(strlen.o)
 .debug_frame   0x0000079c       0x20 C:/Program Files/Microchip/xc32/v5.00/bin/bin/../../lib/gcc/pic32m/13.2.1/../../../../pic32m/lib\libc-size-musl.a(strcmp.o)
 .debug_frame   0x000007bc       0x48 C:/Program Files/Microchip/xc32/v5.00/bin/bin/../../lib/gcc/pic32m/13.2.1/../../../../pic32m/lib\libc-musl.a(__sio_sprintf_nu.o)
 .debug_frame   0x00000804       0x34 C:/Program Files/Microchip/xc32/v5.00/bin/bin/../../lib/gcc/pic32m/13.2.1/../../../../pic32m/lib\libc-musl.a(__fmt_u.o)
 .debug_frame   0x00000838       0x20 C:/Program Files/Microchip/xc32/v5.00/bin/bin/../../lib/gcc/pic32m/13.2.1/../../../../pic32m/lib\libc-musl.a(__pop_int.o)
 .debug_frame   0x00000858       0x20 C:/Program Files/Microchip/xc32/v5.00/bin/bin/../../lib/gcc/pic32m/13.2.1/../../../../pic32m/lib\libc-musl.a(__pop_ptr.o)
 .debug_frame   0x00000878       0xc8 C:/Program Files/Microchip/xc32/v5.00/bin/bin/../../lib/gcc/pic32m/13.2.1/../../../../pic32m/lib\libc-musl.a(__printf_core.o)
 .debug_frame   0x00000940       0x20 C:/Program Files/Microchip/xc32/v5.00/bin/bin/../../lib/gcc/pic32m/13.2.1/../../../../pic32m/lib\libc-musl.a(atoi.o)
 .debug_frame   0x00000960       0x30 C:/Program Files/Microchip/xc32/v5.00/bin/bin/../../lib/gcc/pic32m/13.2.1/../../../../pic32m/lib\libc-musl.a(tolower.o)
 .debug_frame   0x00000990       0x20 C:/Program Files/Microchip/xc32/v5.00/bin/bin/../../lib/gcc/pic32m/13.2.1/../../../../pic32m/lib\libc-musl.a(__int_vsprintf.o)
 .debug_frame   0x000009b0       0x40 C:/Program Files/Microchip/xc32/v5.00/bin/bin/../../lib/gcc/pic32m/13.2.1/../../../../pic32m/lib\libc-musl.a(__cvt_u.o)
 .debug_frame   0x000009f0       0x20 C:/Program Files/Microchip/xc32/v5.00/bin/bin/../../lib/gcc/pic32m/13.2.1/../../../../pic32m/lib\libc-musl.a(__pop_float.o)
 .debug_frame   0x00000a10       0x2c C:/Program Files/Microchip/xc32/v5.00/bin/bin/../../lib/gcc/pic32m/13.2.1/../../../../pic32m/lib\libc-musl.a(__int_vsnprintf.o)
 .debug_frame   0x00000a3c       0x2c C:/Program Files/Microchip/xc32/v5.00/bin/bin/../../lib/gcc/pic32m/13.2.1/../../../../pic32m/lib\libc-musl.a(__int_vfprintf.o)
 .debug_frame   0x00000a68       0x20 C:/Program Files/Microchip/xc32/v5.00/bin/bin/../../lib/gcc/pic32m/13.2.1/../../../../pic32m/lib\libc-size-musl.a(memcpy.o)
 .debug_frame   0x00000a88       0x20 C:/Program Files/Microchip/xc32/v5.00/bin/bin/../../lib/gcc/pic32m/13.2.1/../../../../pic32m/lib\libc-size-musl.a(memset.o)
 .debug_frame   0x00000aa8       0x20 C:/Program Files/Microchip/xc32/v5.00/bin/bin/../../lib/gcc/pic32m/13.2.1\libgcc.a(_udivdi3.o)
 .debug_frame   0x00000ac8       0x20 C:/Program Files/Microchip/xc32/v5.00/bin/bin/../../lib/gcc/pic32m/13.2.1\libgcc.a(_umoddi3.o)

.debug_str      0x00000000     0x2781
 *.elf(.debug_str)
 *(.debug_str)
 .debug_str     0x00000000     0x2781 build/default/production/_ext/60163342/plib_adc.o
                                0x8a4 (size before relaxing)
 .debug_str     0x00002781      0x385 build/default/production/_ext/60165520/plib_clk.o
 .debug_str     0x00002781      0x516 build/default/production/_ext/1865200349/plib_evic.o
 .debug_str     0x00002781      0x45a build/default/production/_ext/1865254177/plib_gpio.o
 .debug_str     0x00002781      0x583 build/default/production/_ext/60181895/plib_tmr3.o
 .debug_str     0x00002781      0x70e build/default/production/_ext/1865657120/plib_uart2.o
 .debug_str     0x00002781      0x4c4 build/default/production/_ext/1171490990/initialization.o
 .debug_str     0x00002781      0x3b9 build/default/production/_ext/1171490990/interrupts.o
 .debug_str     0x00002781      0x3b9 build/default/production/_ext/1171490990/exceptions.o
 .debug_str     0x00002781      0x50e build/default/production/_ext/1360937237/main.o
 .debug_str     0x00002781      0x2b7 C:/Program Files/Microchip/xc32/v5.00/bin/bin/../../lib/gcc/pic32m/13.2.1/../../../../pic32m/lib\libpic32.a(default-on-reset.o)
 .debug_str     0x00002781      0x2bf C:/Program Files/Microchip/xc32/v5.00/bin/bin/../../lib/gcc/pic32m/13.2.1/../../../../pic32m/lib\libpic32.a(default-on-bootstrap.o)
 .debug_str     0x00002781      0x349 C:/Program Files/Microchip/xc32/v5.00/bin/bin/../../lib/gcc/pic32m/13.2.1/../../../../pic32m/lib\libpic32.a(defaultinterrupt.o)
 .debug_str     0x00002781      0x251 C:/Program Files/Microchip/xc32/v5.00/bin/bin/../../lib/gcc/pic32m/13.2.1/../../../../pic32m/lib\libc-size-musl.a(strlen.o)
 .debug_str     0x00002781      0x239 C:/Program Files/Microchip/xc32/v5.00/bin/bin/../../lib/gcc/pic32m/13.2.1/../../../../pic32m/lib\libc-size-musl.a(strcmp.o)
 .debug_str     0x00002781      0x327 C:/Program Files/Microchip/xc32/v5.00/bin/bin/../../lib/gcc/pic32m/13.2.1/../../../../pic32m/lib\libc-musl.a(__sio_sprintf_nu.o)
 .debug_str     0x00002781      0x31d C:/Program Files/Microchip/xc32/v5.00/bin/bin/../../lib/gcc/pic32m/13.2.1/../../../../pic32m/lib\libc-musl.a(__fmt_u.o)
 .debug_str     0x00002781      0x2f6 C:/Program Files/Microchip/xc32/v5.00/bin/bin/../../lib/gcc/pic32m/13.2.1/../../../../pic32m/lib\libc-musl.a(__pop_int.o)
 .debug_str     0x00002781      0x2f8 C:/Program Files/Microchip/xc32/v5.00/bin/bin/../../lib/gcc/pic32m/13.2.1/../../../../pic32m/lib\libc-musl.a(__pop_ptr.o)
 .debug_str     0x00002781      0x40c C:/Program Files/Microchip/xc32/v5.00/bin/bin/../../lib/gcc/pic32m/13.2.1/../../../../pic32m/lib\libc-musl.a(__printf_core.o)
 .debug_str     0x00002781      0x256 C:/Program Files/Microchip/xc32/v5.00/bin/bin/../../lib/gcc/pic32m/13.2.1/../../../../pic32m/lib\libc-musl.a(atoi.o)
 .debug_str     0x00002781      0x283 C:/Program Files/Microchip/xc32/v5.00/bin/bin/../../lib/gcc/pic32m/13.2.1/../../../../pic32m/lib\libc-musl.a(tolower.o)
 .debug_str     0x00002781      0x2e7 C:/Program Files/Microchip/xc32/v5.00/bin/bin/../../lib/gcc/pic32m/13.2.1/../../../../pic32m/lib\libc-musl.a(__int_vsprintf.o)
 .debug_str     0x00002781      0x2ed C:/Program Files/Microchip/xc32/v5.00/bin/bin/../../lib/gcc/pic32m/13.2.1/../../../../pic32m/lib\libc-musl.a(__cvt_u.o)
 .debug_str     0x00002781      0x2eb C:/Program Files/Microchip/xc32/v5.00/bin/bin/../../lib/gcc/pic32m/13.2.1/../../../../pic32m/lib\libc-musl.a(__pop_float.o)
 .debug_str     0x00002781      0x328 C:/Program Files/Microchip/xc32/v5.00/bin/bin/../../lib/gcc/pic32m/13.2.1/../../../../pic32m/lib\libc-musl.a(__int_vsnprintf.o)
 .debug_str     0x00002781      0x314 C:/Program Files/Microchip/xc32/v5.00/bin/bin/../../lib/gcc/pic32m/13.2.1/../../../../pic32m/lib\libc-musl.a(__int_vfprintf.o)
 .debug_str     0x00002781      0x2a8 C:/Program Files/Microchip/xc32/v5.00/bin/bin/../../lib/gcc/pic32m/13.2.1/../../../../pic32m/lib\libpic32.a(errno.o)
 .debug_str     0x00002781      0x276 C:/Program Files/Microchip/xc32/v5.00/bin/bin/../../lib/gcc/pic32m/13.2.1/../../../../pic32m/lib\libc-size-musl.a(memcpy.o)
 .debug_str     0x00002781      0x262 C:/Program Files/Microchip/xc32/v5.00/bin/bin/../../lib/gcc/pic32m/13.2.1/../../../../pic32m/lib\libc-size-musl.a(memset.o)
 .debug_str     0x00002781      0x334 C:/Program Files/Microchip/xc32/v5.00/bin/bin/../../lib/gcc/pic32m/13.2.1\libgcc.a(_udivdi3.o)
 .debug_str     0x00002781      0x334 C:/Program Files/Microchip/xc32/v5.00/bin/bin/../../lib/gcc/pic32m/13.2.1\libgcc.a(_umoddi3.o)

.debug_loc      0x00000000     0x33ca
 *.elf(.debug_loc)
 *(.debug_loc)
 .debug_loc     0x00000000       0x6c build/default/production/_ext/60163342/plib_adc.o
 .debug_loc     0x0000006c      0x29d build/default/production/_ext/1865200349/plib_evic.o
 .debug_loc     0x00000309      0x183 build/default/production/_ext/1865254177/plib_gpio.o
 .debug_loc     0x0000048c       0x57 build/default/production/_ext/60181895/plib_tmr3.o
 .debug_loc     0x000004e3      0x5e8 build/default/production/_ext/1865657120/plib_uart2.o
 .debug_loc     0x00000acb       0x57 build/default/production/_ext/1171490990/initialization.o
 .debug_loc     0x00000b22       0xd5 build/default/production/_ext/1171490990/interrupts.o
 .debug_loc     0x00000bf7       0x40 build/default/production/_ext/1171490990/exceptions.o
 .debug_loc     0x00000c37      0x118 build/default/production/_ext/1360937237/main.o
 .debug_loc     0x00000d4f       0x44 C:/Program Files/Microchip/xc32/v5.00/bin/bin/../../lib/gcc/pic32m/13.2.1/../../../../pic32m/lib\libc-size-musl.a(strlen.o)
 .debug_loc     0x00000d93       0x44 C:/Program Files/Microchip/xc32/v5.00/bin/bin/../../lib/gcc/pic32m/13.2.1/../../../../pic32m/lib\libc-size-musl.a(strcmp.o)
 .debug_loc     0x00000dd7       0xc3 C:/Program Files/Microchip/xc32/v5.00/bin/bin/../../lib/gcc/pic32m/13.2.1/../../../../pic32m/lib\libc-musl.a(__sio_sprintf_nu.o)
 .debug_loc     0x00000e9a      0x131 C:/Program Files/Microchip/xc32/v5.00/bin/bin/../../lib/gcc/pic32m/13.2.1/../../../../pic32m/lib\libc-musl.a(__fmt_u.o)
 .debug_loc     0x00000fcb       0xa4 C:/Program Files/Microchip/xc32/v5.00/bin/bin/../../lib/gcc/pic32m/13.2.1/../../../../pic32m/lib\libc-musl.a(__pop_int.o)
 .debug_loc     0x0000106f       0xb1 C:/Program Files/Microchip/xc32/v5.00/bin/bin/../../lib/gcc/pic32m/13.2.1/../../../../pic32m/lib\libc-musl.a(__pop_ptr.o)
 .debug_loc     0x00001120      0x6b9 C:/Program Files/Microchip/xc32/v5.00/bin/bin/../../lib/gcc/pic32m/13.2.1/../../../../pic32m/lib\libc-musl.a(__printf_core.o)
 .debug_loc     0x000017d9       0x9d C:/Program Files/Microchip/xc32/v5.00/bin/bin/../../lib/gcc/pic32m/13.2.1/../../../../pic32m/lib\libc-musl.a(atoi.o)
 .debug_loc     0x00001876       0x9b C:/Program Files/Microchip/xc32/v5.00/bin/bin/../../lib/gcc/pic32m/13.2.1/../../../../pic32m/lib\libc-musl.a(__int_vsprintf.o)
 .debug_loc     0x00001911      0x20c C:/Program Files/Microchip/xc32/v5.00/bin/bin/../../lib/gcc/pic32m/13.2.1/../../../../pic32m/lib\libc-musl.a(__cvt_u.o)
 .debug_loc     0x00001b1d       0x5b C:/Program Files/Microchip/xc32/v5.00/bin/bin/../../lib/gcc/pic32m/13.2.1/../../../../pic32m/lib\libc-musl.a(__pop_float.o)
 .debug_loc     0x00001b78      0x15d C:/Program Files/Microchip/xc32/v5.00/bin/bin/../../lib/gcc/pic32m/13.2.1/../../../../pic32m/lib\libc-musl.a(__int_vsnprintf.o)
 .debug_loc     0x00001cd5       0xdd C:/Program Files/Microchip/xc32/v5.00/bin/bin/../../lib/gcc/pic32m/13.2.1/../../../../pic32m/lib\libc-musl.a(__int_vfprintf.o)
 .debug_loc     0x00001db2       0xfe C:/Program Files/Microchip/xc32/v5.00/bin/bin/../../lib/gcc/pic32m/13.2.1/../../../../pic32m/lib\libc-size-musl.a(memcpy.o)
 .debug_loc     0x00001eb0      0x101 C:/Program Files/Microchip/xc32/v5.00/bin/bin/../../lib/gcc/pic32m/13.2.1/../../../../pic32m/lib\libc-size-musl.a(memset.o)
 .debug_loc     0x00001fb1      0xa0f C:/Program Files/Microchip/xc32/v5.00/bin/bin/../../lib/gcc/pic32m/13.2.1\libgcc.a(_udivdi3.o)
 .debug_loc     0x000029c0      0xa0a C:/Program Files/Microchip/xc32/v5.00/bin/bin/../../lib/gcc/pic32m/13.2.1\libgcc.a(_umoddi3.o)

.debug_macinfo
 *.elf(.debug_macinfo)
 *(.debug_macinfo)

.debug_weaknames
 *.elf(.debug_weaknames)
 *(.debug_weaknames)

.debug_funcnames
 *.elf(.debug_funcnames)
 *(.debug_funcnames)

.debug_typenames
 *.elf(.debug_typenames)
 *(.debug_typenames)

.debug_varnames
 *.elf(.debug_varnames)
 *(.debug_varnames)

.debug_pubtypes
 *.elf(.debug_pubtypes)
 *(.debug_pubtypes)

.debug_ranges   0x00000000      0x670
 *.elf(.debug_ranges)
 *(.debug_ranges)
 .debug_ranges  0x00000000       0x60 build/default/production/_ext/60163342/plib_adc.o
 .debug_ranges  0x00000060       0x10 build/default/production/_ext/60165520/plib_clk.o
 .debug_ranges  0x00000070       0x68 build/default/production/_ext/1865200349/plib_evic.o
 .debug_ranges  0x000000d8       0x50 build/default/production/_ext/1865254177/plib_gpio.o
 .debug_ranges  0x00000128       0x60 build/default/production/_ext/60181895/plib_tmr3.o
 .debug_ranges  0x00000188      0x100 build/default/production/_ext/1865657120/plib_uart2.o
 .debug_ranges  0x00000288       0x10 build/default/production/_ext/1171490990/initialization.o
 .debug_ranges  0x00000298       0x38 build/default/production/_ext/1171490990/interrupts.o
 .debug_ranges  0x000002d0       0x18 build/default/production/_ext/1171490990/exceptions.o
 .debug_ranges  0x000002e8       0x28 build/default/production/_ext/1360937237/main.o
 .debug_ranges  0x00000310       0x10 C:/Program Files/Microchip/xc32/v5.00/bin/bin/../../lib/gcc/pic32m/13.2.1/../../../../pic32m/lib\libpic32.a(default-on-reset.o)
 .debug_ranges  0x00000320       0x10 C:/Program Files/Microchip/xc32/v5.00/bin/bin/../../lib/gcc/pic32m/13.2.1/../../../../pic32m/lib\libpic32.a(default-on-bootstrap.o)
 .debug_ranges  0x00000330       0x10 C:/Program Files/Microchip/xc32/v5.00/bin/bin/../../lib/gcc/pic32m/13.2.1/../../../../pic32m/lib\libpic32.a(defaultinterrupt.o)
 .debug_ranges  0x00000340       0x10 C:/Program Files/Microchip/xc32/v5.00/bin/bin/../../lib/gcc/pic32m/13.2.1/../../../../pic32m/lib\libc-size-musl.a(strlen.o)
 .debug_ranges  0x00000350       0x10 C:/Program Files/Microchip/xc32/v5.00/bin/bin/../../lib/gcc/pic32m/13.2.1/../../../../pic32m/lib\libc-size-musl.a(strcmp.o)
 .debug_ranges  0x00000360       0x18 C:/Program Files/Microchip/xc32/v5.00/bin/bin/../../lib/gcc/pic32m/13.2.1/../../../../pic32m/lib\libc-musl.a(__sio_sprintf_nu.o)
 .debug_ranges  0x00000378       0x10 C:/Program Files/Microchip/xc32/v5.00/bin/bin/../../lib/gcc/pic32m/13.2.1/../../../../pic32m/lib\libc-musl.a(__fmt_u.o)
 .debug_ranges  0x00000388       0x10 C:/Program Files/Microchip/xc32/v5.00/bin/bin/../../lib/gcc/pic32m/13.2.1/../../../../pic32m/lib\libc-musl.a(__pop_int.o)
 .debug_ranges  0x00000398       0x10 C:/Program Files/Microchip/xc32/v5.00/bin/bin/../../lib/gcc/pic32m/13.2.1/../../../../pic32m/lib\libc-musl.a(__pop_ptr.o)
 .debug_ranges  0x000003a8       0xe0 C:/Program Files/Microchip/xc32/v5.00/bin/bin/../../lib/gcc/pic32m/13.2.1/../../../../pic32m/lib\libc-musl.a(__printf_core.o)
 .debug_ranges  0x00000488       0x28 C:/Program Files/Microchip/xc32/v5.00/bin/bin/../../lib/gcc/pic32m/13.2.1/../../../../pic32m/lib\libc-musl.a(atoi.o)
 .debug_ranges  0x000004b0       0x18 C:/Program Files/Microchip/xc32/v5.00/bin/bin/../../lib/gcc/pic32m/13.2.1/../../../../pic32m/lib\libc-musl.a(tolower.o)
 .debug_ranges  0x000004c8       0x10 C:/Program Files/Microchip/xc32/v5.00/bin/bin/../../lib/gcc/pic32m/13.2.1/../../../../pic32m/lib\libc-musl.a(__int_vsprintf.o)
 .debug_ranges  0x000004d8       0x10 C:/Program Files/Microchip/xc32/v5.00/bin/bin/../../lib/gcc/pic32m/13.2.1/../../../../pic32m/lib\libc-musl.a(__cvt_u.o)
 .debug_ranges  0x000004e8       0x10 C:/Program Files/Microchip/xc32/v5.00/bin/bin/../../lib/gcc/pic32m/13.2.1/../../../../pic32m/lib\libc-musl.a(__pop_float.o)
 .debug_ranges  0x000004f8       0x10 C:/Program Files/Microchip/xc32/v5.00/bin/bin/../../lib/gcc/pic32m/13.2.1/../../../../pic32m/lib\libc-musl.a(__int_vsnprintf.o)
 .debug_ranges  0x00000508       0x10 C:/Program Files/Microchip/xc32/v5.00/bin/bin/../../lib/gcc/pic32m/13.2.1/../../../../pic32m/lib\libc-musl.a(__int_vfprintf.o)
 .debug_ranges  0x00000518       0x10 C:/Program Files/Microchip/xc32/v5.00/bin/bin/../../lib/gcc/pic32m/13.2.1/../../../../pic32m/lib\libc-size-musl.a(memcpy.o)
 .debug_ranges  0x00000528       0x10 C:/Program Files/Microchip/xc32/v5.00/bin/bin/../../lib/gcc/pic32m/13.2.1/../../../../pic32m/lib\libc-size-musl.a(memset.o)
 .debug_ranges  0x00000538       0xa0 C:/Program Files/Microchip/xc32/v5.00/bin/bin/../../lib/gcc/pic32m/13.2.1\libgcc.a(_udivdi3.o)
 .debug_ranges  0x000005d8       0x98 C:/Program Files/Microchip/xc32/v5.00/bin/bin/../../lib/gcc/pic32m/13.2.1\libgcc.a(_umoddi3.o)

/DISCARD/
 *(.rel.dyn)

.gnu.attributes
                0x00000000       0x10
 *(.gnu.attributes)
 .gnu.attributes
                0x00000000       0x10 build/default/production/_ext/60163342/plib_adc.o
 .gnu.attributes
                0x00000010       0x10 build/default/production/_ext/60165520/plib_clk.o
 .gnu.attributes
                0x00000020       0x10 build/default/production/_ext/1865200349/plib_evic.o
 .gnu.attributes
                0x00000030       0x10 build/default/production/_ext/1865254177/plib_gpio.o
 .gnu.attributes
                0x00000040       0x10 build/default/production/_ext/60181895/plib_tmr3.o
 .gnu.attributes
                0x00000050       0x10 build/default/production/_ext/1865657120/plib_uart2.o
 .gnu.attributes
                0x00000060       0x10 build/default/production/_ext/163028504/xc32_monitor.o
 .gnu.attributes
                0x00000070       0x10 build/default/production/_ext/1171490990/initialization.o
 .gnu.attributes
                0x00000080       0x10 build/default/production/_ext/1171490990/interrupts.o
 .gnu.attributes
                0x00000090       0x10 build/default/production/_ext/1171490990/exceptions.o
 .gnu.attributes
                0x000000a0       0x10 build/default/production/_ext/1360937237/main.o
 .gnu.attributes
                0x000000b0       0x10 C:\Users\alxhu\AppData\Local\Temp\cc2004u0.o
 .gnu.attributes
                0x000000c0       0x10 C:\Users\alxhu\AppData\Local\Temp\cco2Dbjd.o
 .gnu.attributes
                0x000000d0       0x10 C:\Users\alxhu\AppData\Local\Temp\cckSXJUH.o
 .gnu.attributes
                0x000000e0       0x10 C:/Program Files/Microchip/xc32/v5.00/bin/bin/../../lib/gcc/pic32m/13.2.1/../../../../pic32m/lib\debug-exception-return.o
 .gnu.attributes
                0x000000f0       0x10 C:/Program Files/Microchip/xc32/v5.00/bin/bin/../../lib/gcc/pic32m/13.2.1/../../../../pic32m/lib\pic32_software_reset.o
 .gnu.attributes
                0x00000100       0x10 C:/Program Files/Microchip/xc32/v5.00/bin/bin/../../lib/gcc/pic32m/13.2.1/../../../../pic32m/lib\libpic32.a(default-on-reset.o)
 .gnu.attributes
                0x00000110       0x10 C:/Program Files/Microchip/xc32/v5.00/bin/bin/../../lib/gcc/pic32m/13.2.1/../../../../pic32m/lib\libpic32.a(default-on-bootstrap.o)
 .gnu.attributes
                0x00000120       0x10 C:/Program Files/Microchip/xc32/v5.00/bin/bin/../../lib/gcc/pic32m/13.2.1/../../../../pic32m/lib\libpic32.a(default-nmi-handler.o)
 .gnu.attributes
                0x00000130       0x10 C:/Program Files/Microchip/xc32/v5.00/bin/bin/../../lib/gcc/pic32m/13.2.1/../../../../pic32m/lib\libpic32.a(pic32_data_init_core.o)
 .gnu.attributes
                0x00000140       0x10 C:/Program Files/Microchip/xc32/v5.00/bin/bin/../../lib/gcc/pic32m/13.2.1/../../../../pic32m/lib\libpic32.a(general-exception.o)
 .gnu.attributes
                0x00000150       0x10 C:/Program Files/Microchip/xc32/v5.00/bin/bin/../../lib/gcc/pic32m/13.2.1/../../../../pic32m/lib\libpic32.a(vector0.o)
 .gnu.attributes
                0x00000160       0x10 C:/Program Files/Microchip/xc32/v5.00/bin/bin/../../lib/gcc/pic32m/13.2.1/../../../../pic32m/lib\libpic32.a(vector1.o)
 .gnu.attributes
                0x00000170       0x10 C:/Program Files/Microchip/xc32/v5.00/bin/bin/../../lib/gcc/pic32m/13.2.1/../../../../pic32m/lib\libpic32.a(vector2.o)
 .gnu.attributes
                0x00000180       0x10 C:/Program Files/Microchip/xc32/v5.00/bin/bin/../../lib/gcc/pic32m/13.2.1/../../../../pic32m/lib\libpic32.a(vector3.o)
 .gnu.attributes
                0x00000190       0x10 C:/Program Files/Microchip/xc32/v5.00/bin/bin/../../lib/gcc/pic32m/13.2.1/../../../../pic32m/lib\libpic32.a(vector4.o)
 .gnu.attributes
                0x000001a0       0x10 C:/Program Files/Microchip/xc32/v5.00/bin/bin/../../lib/gcc/pic32m/13.2.1/../../../../pic32m/lib\libpic32.a(vector5.o)
 .gnu.attributes
                0x000001b0       0x10 C:/Program Files/Microchip/xc32/v5.00/bin/bin/../../lib/gcc/pic32m/13.2.1/../../../../pic32m/lib\libpic32.a(vector6.o)
 .gnu.attributes
                0x000001c0       0x10 C:/Program Files/Microchip/xc32/v5.00/bin/bin/../../lib/gcc/pic32m/13.2.1/../../../../pic32m/lib\libpic32.a(vector7.o)
 .gnu.attributes
                0x000001d0       0x10 C:/Program Files/Microchip/xc32/v5.00/bin/bin/../../lib/gcc/pic32m/13.2.1/../../../../pic32m/lib\libpic32.a(vector8.o)
 .gnu.attributes
                0x000001e0       0x10 C:/Program Files/Microchip/xc32/v5.00/bin/bin/../../lib/gcc/pic32m/13.2.1/../../../../pic32m/lib\libpic32.a(vector9.o)
 .gnu.attributes
                0x000001f0       0x10 C:/Program Files/Microchip/xc32/v5.00/bin/bin/../../lib/gcc/pic32m/13.2.1/../../../../pic32m/lib\libpic32.a(vector10.o)
 .gnu.attributes
                0x00000200       0x10 C:/Program Files/Microchip/xc32/v5.00/bin/bin/../../lib/gcc/pic32m/13.2.1/../../../../pic32m/lib\libpic32.a(vector11.o)
 .gnu.attributes
                0x00000210       0x10 C:/Program Files/Microchip/xc32/v5.00/bin/bin/../../lib/gcc/pic32m/13.2.1/../../../../pic32m/lib\libpic32.a(vector13.o)
 .gnu.attributes
                0x00000220       0x10 C:/Program Files/Microchip/xc32/v5.00/bin/bin/../../lib/gcc/pic32m/13.2.1/../../../../pic32m/lib\libpic32.a(vector14.o)
 .gnu.attributes
                0x00000230       0x10 C:/Program Files/Microchip/xc32/v5.00/bin/bin/../../lib/gcc/pic32m/13.2.1/../../../../pic32m/lib\libpic32.a(vector15.o)
 .gnu.attributes
                0x00000240       0x10 C:/Program Files/Microchip/xc32/v5.00/bin/bin/../../lib/gcc/pic32m/13.2.1/../../../../pic32m/lib\libpic32.a(vector16.o)
 .gnu.attributes
                0x00000250       0x10 C:/Program Files/Microchip/xc32/v5.00/bin/bin/../../lib/gcc/pic32m/13.2.1/../../../../pic32m/lib\libpic32.a(vector17.o)
 .gnu.attributes
                0x00000260       0x10 C:/Program Files/Microchip/xc32/v5.00/bin/bin/../../lib/gcc/pic32m/13.2.1/../../../../pic32m/lib\libpic32.a(vector18.o)
 .gnu.attributes
                0x00000270       0x10 C:/Program Files/Microchip/xc32/v5.00/bin/bin/../../lib/gcc/pic32m/13.2.1/../../../../pic32m/lib\libpic32.a(vector19.o)
 .gnu.attributes
                0x00000280       0x10 C:/Program Files/Microchip/xc32/v5.00/bin/bin/../../lib/gcc/pic32m/13.2.1/../../../../pic32m/lib\libpic32.a(vector20.o)
 .gnu.attributes
                0x00000290       0x10 C:/Program Files/Microchip/xc32/v5.00/bin/bin/../../lib/gcc/pic32m/13.2.1/../../../../pic32m/lib\libpic32.a(vector21.o)
 .gnu.attributes
                0x000002a0       0x10 C:/Program Files/Microchip/xc32/v5.00/bin/bin/../../lib/gcc/pic32m/13.2.1/../../../../pic32m/lib\libpic32.a(vector22.o)
 .gnu.attributes
                0x000002b0       0x10 C:/Program Files/Microchip/xc32/v5.00/bin/bin/../../lib/gcc/pic32m/13.2.1/../../../../pic32m/lib\libpic32.a(vector24.o)
 .gnu.attributes
                0x000002c0       0x10 C:/Program Files/Microchip/xc32/v5.00/bin/bin/../../lib/gcc/pic32m/13.2.1/../../../../pic32m/lib\libpic32.a(vector25.o)
 .gnu.attributes
                0x000002d0       0x10 C:/Program Files/Microchip/xc32/v5.00/bin/bin/../../lib/gcc/pic32m/13.2.1/../../../../pic32m/lib\libpic32.a(vector26.o)
 .gnu.attributes
                0x000002e0       0x10 C:/Program Files/Microchip/xc32/v5.00/bin/bin/../../lib/gcc/pic32m/13.2.1/../../../../pic32m/lib\libpic32.a(vector27.o)
 .gnu.attributes
                0x000002f0       0x10 C:/Program Files/Microchip/xc32/v5.00/bin/bin/../../lib/gcc/pic32m/13.2.1/../../../../pic32m/lib\libpic32.a(vector28.o)
 .gnu.attributes
                0x00000300       0x10 C:/Program Files/Microchip/xc32/v5.00/bin/bin/../../lib/gcc/pic32m/13.2.1/../../../../pic32m/lib\libpic32.a(vector29.o)
 .gnu.attributes
                0x00000310       0x10 C:/Program Files/Microchip/xc32/v5.00/bin/bin/../../lib/gcc/pic32m/13.2.1/../../../../pic32m/lib\libpic32.a(vector30.o)
 .gnu.attributes
                0x00000320       0x10 C:/Program Files/Microchip/xc32/v5.00/bin/bin/../../lib/gcc/pic32m/13.2.1/../../../../pic32m/lib\libpic32.a(vector31.o)
 .gnu.attributes
                0x00000330       0x10 C:/Program Files/Microchip/xc32/v5.00/bin/bin/../../lib/gcc/pic32m/13.2.1/../../../../pic32m/lib\libpic32.a(vector32.o)
 .gnu.attributes
                0x00000340       0x10 C:/Program Files/Microchip/xc32/v5.00/bin/bin/../../lib/gcc/pic32m/13.2.1/../../../../pic32m/lib\libpic32.a(vector33.o)
 .gnu.attributes
                0x00000350       0x10 C:/Program Files/Microchip/xc32/v5.00/bin/bin/../../lib/gcc/pic32m/13.2.1/../../../../pic32m/lib\libpic32.a(vector34.o)
 .gnu.attributes
                0x00000360       0x10 C:/Program Files/Microchip/xc32/v5.00/bin/bin/../../lib/gcc/pic32m/13.2.1/../../../../pic32m/lib\libpic32.a(vector35.o)
 .gnu.attributes
                0x00000370       0x10 C:/Program Files/Microchip/xc32/v5.00/bin/bin/../../lib/gcc/pic32m/13.2.1/../../../../pic32m/lib\libpic32.a(vector36.o)
 .gnu.attributes
                0x00000380       0x10 C:/Program Files/Microchip/xc32/v5.00/bin/bin/../../lib/gcc/pic32m/13.2.1/../../../../pic32m/lib\libpic32.a(vector38.o)
 .gnu.attributes
                0x00000390       0x10 C:/Program Files/Microchip/xc32/v5.00/bin/bin/../../lib/gcc/pic32m/13.2.1/../../../../pic32m/lib\libpic32.a(vector39.o)
 .gnu.attributes
                0x000003a0       0x10 C:/Program Files/Microchip/xc32/v5.00/bin/bin/../../lib/gcc/pic32m/13.2.1/../../../../pic32m/lib\libpic32.a(vector40.o)
 .gnu.attributes
                0x000003b0       0x10 C:/Program Files/Microchip/xc32/v5.00/bin/bin/../../lib/gcc/pic32m/13.2.1/../../../../pic32m/lib\libpic32.a(vector41.o)
 .gnu.attributes
                0x000003c0       0x10 C:/Program Files/Microchip/xc32/v5.00/bin/bin/../../lib/gcc/pic32m/13.2.1/../../../../pic32m/lib\libpic32.a(vector42.o)
 .gnu.attributes
                0x000003d0       0x10 C:/Program Files/Microchip/xc32/v5.00/bin/bin/../../lib/gcc/pic32m/13.2.1/../../../../pic32m/lib\libpic32.a(vector43.o)
 .gnu.attributes
                0x000003e0       0x10 C:/Program Files/Microchip/xc32/v5.00/bin/bin/../../lib/gcc/pic32m/13.2.1/../../../../pic32m/lib\libpic32.a(defaultinterrupt.o)
 .gnu.attributes
                0x000003f0       0x10 C:/Program Files/Microchip/xc32/v5.00/bin/bin/../../lib/gcc/pic32m/13.2.1/../../../../pic32m/lib\libc-size-musl.a(strlen.o)
 .gnu.attributes
                0x00000400       0x10 C:/Program Files/Microchip/xc32/v5.00/bin/bin/../../lib/gcc/pic32m/13.2.1/../../../../pic32m/lib\libc-size-musl.a(strcmp.o)
 .gnu.attributes
                0x00000410       0x10 C:/Program Files/Microchip/xc32/v5.00/bin/bin/../../lib/gcc/pic32m/13.2.1/../../../../pic32m/lib\libc-musl.a(__sio_sprintf_nu.o)
 .gnu.attributes
                0x00000420       0x10 C:/Program Files/Microchip/xc32/v5.00/bin/bin/../../lib/gcc/pic32m/13.2.1/../../../../pic32m/lib\libc-musl.a(__fmt_u.o)
 .gnu.attributes
                0x00000430       0x10 C:/Program Files/Microchip/xc32/v5.00/bin/bin/../../lib/gcc/pic32m/13.2.1/../../../../pic32m/lib\libc-musl.a(__pop_int.o)
 .gnu.attributes
                0x00000440       0x10 C:/Program Files/Microchip/xc32/v5.00/bin/bin/../../lib/gcc/pic32m/13.2.1/../../../../pic32m/lib\libc-musl.a(__pop_ptr.o)
 .gnu.attributes
                0x00000450       0x10 C:/Program Files/Microchip/xc32/v5.00/bin/bin/../../lib/gcc/pic32m/13.2.1/../../../../pic32m/lib\libc-musl.a(__printf_core.o)
 .gnu.attributes
                0x00000460       0x10 C:/Program Files/Microchip/xc32/v5.00/bin/bin/../../lib/gcc/pic32m/13.2.1/../../../../pic32m/lib\libc-musl.a(atoi.o)
 .gnu.attributes
                0x00000470       0x10 C:/Program Files/Microchip/xc32/v5.00/bin/bin/../../lib/gcc/pic32m/13.2.1/../../../../pic32m/lib\libc-musl.a(tolower.o)
 .gnu.attributes
                0x00000480       0x10 C:/Program Files/Microchip/xc32/v5.00/bin/bin/../../lib/gcc/pic32m/13.2.1/../../../../pic32m/lib\libc-musl.a(__int_vsprintf.o)
 .gnu.attributes
                0x00000490       0x10 C:/Program Files/Microchip/xc32/v5.00/bin/bin/../../lib/gcc/pic32m/13.2.1/../../../../pic32m/lib\libc-musl.a(__cvt_u.o)
 .gnu.attributes
                0x000004a0       0x10 C:/Program Files/Microchip/xc32/v5.00/bin/bin/../../lib/gcc/pic32m/13.2.1/../../../../pic32m/lib\libc-musl.a(__pop_float.o)
 .gnu.attributes
                0x000004b0       0x10 C:/Program Files/Microchip/xc32/v5.00/bin/bin/../../lib/gcc/pic32m/13.2.1/../../../../pic32m/lib\libc-musl.a(__int_vsnprintf.o)
 .gnu.attributes
                0x000004c0       0x10 C:/Program Files/Microchip/xc32/v5.00/bin/bin/../../lib/gcc/pic32m/13.2.1/../../../../pic32m/lib\libc-musl.a(__int_vfprintf.o)
 .gnu.attributes
                0x000004d0       0x10 C:/Program Files/Microchip/xc32/v5.00/bin/bin/../../lib/gcc/pic32m/13.2.1/../../../../pic32m/lib\libpic32.a(errno.o)
 .gnu.attributes
                0x000004e0       0x10 C:/Program Files/Microchip/xc32/v5.00/bin/bin/../../lib/gcc/pic32m/13.2.1/../../../../pic32m/lib\libc-size-musl.a(memcpy.o)
 .gnu.attributes
                0x000004f0       0x10 C:/Program Files/Microchip/xc32/v5.00/bin/bin/../../lib/gcc/pic32m/13.2.1/../../../../pic32m/lib\libc-size-musl.a(memset.o)
 .gnu.attributes
                0x00000500       0x10 C:/Program Files/Microchip/xc32/v5.00/bin/bin/../../lib/gcc/pic32m/13.2.1\libgcc.a(_udivdi3.o)
 .gnu.attributes
                0x00000510       0x10 C:/Program Files/Microchip/xc32/v5.00/bin/bin/../../lib/gcc/pic32m/13.2.1\libgcc.a(_umoddi3.o)
 .gnu.attributes
                0x00000520       0x10 C:/Program Files/Microchip/xc32/v5.00/bin/bin/../../lib/gcc/pic32m/13.2.1/../../../../pic32m/lib\libpic32.a(pic32_data_init_clear.o)

/DISCARD/
 *(.note.GNU-stack)

/DISCARD/